Archive member included to satisfy reference by file (symbol)

/Applications/Ac6/SystemWorkbench.app/Contents/Eclipse/plugins/fr.ac6.mcu.externaltools.arm-none.macos64_1.6.0.201601291255/tools/compiler/bin/../lib/gcc/arm-none-eabi/5.2.1/armv7e-m/fpu/libgcc.a(_aeabi_uldivmod.o)
                              Drivers/ioLibrary_Driver/Internet/SNTP/sntp.o (__aeabi_uldivmod)
/Applications/Ac6/SystemWorkbench.app/Contents/Eclipse/plugins/fr.ac6.mcu.externaltools.arm-none.macos64_1.6.0.201601291255/tools/compiler/bin/../lib/gcc/arm-none-eabi/5.2.1/armv7e-m/fpu/libgcc.a(_udivmoddi4.o)
                              /Applications/Ac6/SystemWorkbench.app/Contents/Eclipse/plugins/fr.ac6.mcu.externaltools.arm-none.macos64_1.6.0.201601291255/tools/compiler/bin/../lib/gcc/arm-none-eabi/5.2.1/armv7e-m/fpu/libgcc.a(_aeabi_uldivmod.o) (__udivmoddi4)
/Applications/Ac6/SystemWorkbench.app/Contents/Eclipse/plugins/fr.ac6.mcu.externaltools.arm-none.macos64_1.6.0.201601291255/tools/compiler/bin/../lib/gcc/arm-none-eabi/5.2.1/armv7e-m/fpu/libgcc.a(_dvmd_tls.o)
                              /Applications/Ac6/SystemWorkbench.app/Contents/Eclipse/plugins/fr.ac6.mcu.externaltools.arm-none.macos64_1.6.0.201601291255/tools/compiler/bin/../lib/gcc/arm-none-eabi/5.2.1/armv7e-m/fpu/libgcc.a(_aeabi_uldivmod.o) (__aeabi_ldiv0)
/Applications/Ac6/SystemWorkbench.app/Contents/Eclipse/plugins/fr.ac6.mcu.externaltools.arm-none.macos64_1.6.0.201601291255/tools/compiler/bin/../lib/gcc/arm-none-eabi/5.2.1/../../../../arm-none-eabi/lib/armv7e-m/fpu/libc_nano.a(lib_a-atoi.o)
                              Drivers/ioLibrary_Driver/Internet/FTPClient/ftpc.o (atoi)
/Applications/Ac6/SystemWorkbench.app/Contents/Eclipse/plugins/fr.ac6.mcu.externaltools.arm-none.macos64_1.6.0.201601291255/tools/compiler/bin/../lib/gcc/arm-none-eabi/5.2.1/../../../../arm-none-eabi/lib/armv7e-m/fpu/libc_nano.a(lib_a-ctype_.o)
                              Drivers/ioLibrary_Driver/Internet/FTPServer/ftpd.o (__ctype_ptr__)
/Applications/Ac6/SystemWorkbench.app/Contents/Eclipse/plugins/fr.ac6.mcu.externaltools.arm-none.macos64_1.6.0.201601291255/tools/compiler/bin/../lib/gcc/arm-none-eabi/5.2.1/../../../../arm-none-eabi/lib/armv7e-m/fpu/libc_nano.a(lib_a-exit.o)
                              /Applications/Ac6/SystemWorkbench.app/Contents/Eclipse/plugins/fr.ac6.mcu.externaltools.arm-none.macos64_1.6.0.201601291255/tools/compiler/bin/../lib/gcc/arm-none-eabi/5.2.1/../../../../arm-none-eabi/lib/armv7e-m/fpu/crt0.o (exit)
/Applications/Ac6/SystemWorkbench.app/Contents/Eclipse/plugins/fr.ac6.mcu.externaltools.arm-none.macos64_1.6.0.201601291255/tools/compiler/bin/../lib/gcc/arm-none-eabi/5.2.1/../../../../arm-none-eabi/lib/armv7e-m/fpu/libc_nano.a(lib_a-impure.o)
                              /Applications/Ac6/SystemWorkbench.app/Contents/Eclipse/plugins/fr.ac6.mcu.externaltools.arm-none.macos64_1.6.0.201601291255/tools/compiler/bin/../lib/gcc/arm-none-eabi/5.2.1/../../../../arm-none-eabi/lib/armv7e-m/fpu/libc_nano.a(lib_a-exit.o) (_global_impure_ptr)
/Applications/Ac6/SystemWorkbench.app/Contents/Eclipse/plugins/fr.ac6.mcu.externaltools.arm-none.macos64_1.6.0.201601291255/tools/compiler/bin/../lib/gcc/arm-none-eabi/5.2.1/../../../../arm-none-eabi/lib/armv7e-m/fpu/libc_nano.a(lib_a-init.o)
                              /Applications/Ac6/SystemWorkbench.app/Contents/Eclipse/plugins/fr.ac6.mcu.externaltools.arm-none.macos64_1.6.0.201601291255/tools/compiler/bin/../lib/gcc/arm-none-eabi/5.2.1/../../../../arm-none-eabi/lib/armv7e-m/fpu/crt0.o (__libc_init_array)
/Applications/Ac6/SystemWorkbench.app/Contents/Eclipse/plugins/fr.ac6.mcu.externaltools.arm-none.macos64_1.6.0.201601291255/tools/compiler/bin/../lib/gcc/arm-none-eabi/5.2.1/../../../../arm-none-eabi/lib/armv7e-m/fpu/libc_nano.a(lib_a-malloc.o)
                              Drivers/ioLibrary_Driver/Internet/httpServer/httpServer.o (malloc)
/Applications/Ac6/SystemWorkbench.app/Contents/Eclipse/plugins/fr.ac6.mcu.externaltools.arm-none.macos64_1.6.0.201601291255/tools/compiler/bin/../lib/gcc/arm-none-eabi/5.2.1/../../../../arm-none-eabi/lib/armv7e-m/fpu/libc_nano.a(lib_a-memcmp.o)
                              Drivers/ioLibrary_Driver/Internet/SNMP/snmp.o (memcmp)
/Applications/Ac6/SystemWorkbench.app/Contents/Eclipse/plugins/fr.ac6.mcu.externaltools.arm-none.macos64_1.6.0.201601291255/tools/compiler/bin/../lib/gcc/arm-none-eabi/5.2.1/../../../../arm-none-eabi/lib/armv7e-m/fpu/libc_nano.a(lib_a-memcpy-stub.o)
                              Drivers/ioLibrary_Driver/Internet/SNMP/snmp.o (memcpy)
/Applications/Ac6/SystemWorkbench.app/Contents/Eclipse/plugins/fr.ac6.mcu.externaltools.arm-none.macos64_1.6.0.201601291255/tools/compiler/bin/../lib/gcc/arm-none-eabi/5.2.1/../../../../arm-none-eabi/lib/armv7e-m/fpu/libc_nano.a(lib_a-memset.o)
[...]
Memory Configuration

Name             Origin             Length             Attributes
FLASH            0x0000000008000000 0x0000000000080000 xr
RAM              0x0000000020000000 0x0000000000018000 xrw
*default*        0x0000000000000000 0xffffffffffffffff

Linker script and memory map

LOAD /Applications/Ac6/SystemWorkbench.app/Contents/Eclipse/plugins/fr.ac6.mcu.externaltools.arm-none.macos64_1.6.0.201601291255/tools/compiler/bin/../lib/gcc/arm-none-eabi/5.2.1/armv7e-m/fpu/crti.o
LOAD /Applications/Ac6/SystemWorkbench.app/Contents/Eclipse/plugins/fr.ac6.mcu.externaltools.arm-none.macos64_1.6.0.201601291255/tools/compiler/bin/../lib/gcc/arm-none-eabi/5.2.1/armv7e-m/fpu/crtbegin.o
LOAD /Applications/Ac6/SystemWorkbench.app/Contents/Eclipse/plugins/fr.ac6.mcu.externaltools.arm-none.macos64_1.6.0.201601291255/tools/compiler/bin/../lib/gcc/arm-none-eabi/5.2.1/../../../../arm-none-eabi/lib/armv7e-m/fpu/crt0.o
LOAD /Applications/Ac6/SystemWorkbench.app/Contents/Eclipse/plugins/fr.ac6.mcu.externaltools.arm-none.macos64_1.6.0.201601291255/tools/compiler/bin/../lib/gcc/arm-none-eabi/5.2.1/../../../../arm-none-eabi/lib/armv7e-m/fpu/libm.a
LOAD Application/SW4STM32/startup_stm32f401xe.o
LOAD Application/User/gpio.o
LOAD Application/User/main.o
LOAD Application/User/spi.o
LOAD Application/User/stm32f4xx_hal_msp.o
LOAD Application/User/stm32f4xx_it.o
LOAD Application/User/tim.o
LOAD Drivers/CMSIS/system_stm32f4xx.o
LOAD Drivers/STM32F4xx_HAL_Driver/stm32f4xx_hal.o
LOAD Drivers/STM32F4xx_HAL_Driver/stm32f4xx_hal_cortex.o
LOAD Drivers/STM32F4xx_HAL_Driver/stm32f4xx_hal_dma.o
LOAD Drivers/STM32F4xx_HAL_Driver/stm32f4xx_hal_dma_ex.o
LOAD Drivers/STM32F4xx_HAL_Driver/stm32f4xx_hal_flash.o
LOAD Drivers/STM32F4xx_HAL_Driver/stm32f4xx_hal_flash_ex.o
LOAD Drivers/STM32F4xx_HAL_Driver/stm32f4xx_hal_flash_ramfunc.o
LOAD Drivers/STM32F4xx_HAL_Driver/stm32f4xx_hal_gpio.o
LOAD Drivers/STM32F4xx_HAL_Driver/stm32f4xx_hal_pwr.o
LOAD Drivers/STM32F4xx_HAL_Driver/stm32f4xx_hal_pwr_ex.o
LOAD Drivers/STM32F4xx_HAL_Driver/stm32f4xx_hal_rcc.o
LOAD Drivers/STM32F4xx_HAL_Driver/stm32f4xx_hal_rcc_ex.o
LOAD Drivers/STM32F4xx_HAL_Driver/stm32f4xx_hal_spi.o
LOAD Drivers/STM32F4xx_HAL_Driver/stm32f4xx_hal_tim.o
LOAD Drivers/STM32F4xx_HAL_Driver/stm32f4xx_hal_tim_ex.o
LOAD Drivers/ioLibrary_Driver/Application/loopback/loopback.o
LOAD Drivers/ioLibrary_Driver/Ethernet/W5100/w5100.o
LOAD Drivers/ioLibrary_Driver/Ethernet/socket.o
LOAD Drivers/ioLibrary_Driver/Ethernet/wizchip_conf.o
LOAD Drivers/ioLibrary_Driver/Internet/DHCP/dhcp.o
LOAD Drivers/ioLibrary_Driver/Internet/DNS/dns.o
LOAD Drivers/ioLibrary_Driver/Internet/FTPClient/ftpc.o
LOAD Drivers/ioLibrary_Driver/Internet/FTPServer/ftpd.o
LOAD Drivers/ioLibrary_Driver/Internet/SNMP/snmp.o
LOAD Drivers/ioLibrary_Driver/Internet/SNMP/snmp_custom.o
LOAD Drivers/ioLibrary_Driver/Internet/SNTP/sntp.o
LOAD Drivers/ioLibrary_Driver/Internet/TFTP/netutil.o
LOAD Drivers/ioLibrary_Driver/Internet/TFTP/tftp.o
LOAD Drivers/ioLibrary_Driver/Internet/httpServer/httpParser.o
LOAD Drivers/ioLibrary_Driver/Internet/httpServer/httpServer.o
LOAD Drivers/ioLibrary_Driver/Internet/httpServer/httpUtil.o
START GROUP
LOAD /Applications/Ac6/SystemWorkbench.app/Contents/Eclipse/plugins/fr.ac6.mcu.externaltools.arm-none.macos64_1.6.0.201601291255/tools/compiler/bin/../lib/gcc/arm-none-eabi/5.2.1/armv7e-m/fpu/libgcc.a
LOAD /Applications/Ac6/SystemWorkbench.app/Contents/Eclipse/plugins/fr.ac6.mcu.externaltools.arm-none.macos64_1.6.0.201601291255/tools/compiler/bin/../lib/gcc/arm-none-eabi/5.2.1/../../../../arm-none-eabi/lib/armv7e-m/fpu/libc_nano.a
END GROUP
START GROUP
LOAD /Applications/Ac6/SystemWorkbench.app/Contents/Eclipse/plugins/fr.ac6.mcu.externaltools.arm-none.macos64_1.6.0.201601291255/tools/compiler/bin/../lib/gcc/arm-none-eabi/5.2.1/armv7e-m/fpu/libgcc.a
LOAD /Applications/Ac6/SystemWorkbench.app/Contents/Eclipse/plugins/fr.ac6.mcu.externaltools.arm-none.macos64_1.6.0.201601291255/tools/compiler/bin/../lib/gcc/arm-none-eabi/5.2.1/../../../../arm-none-eabi/lib/armv7e-m/fpu/libc_nano.a
LOAD /Applications/Ac6/SystemWorkbench.app/Contents/Eclipse/plugins/fr.ac6.mcu.externaltools.arm-none.macos64_1.6.0.201601291255/tools/compiler/bin/../lib/gcc/arm-none-eabi/5.2.1/../../../../arm-none-eabi/lib/armv7e-m/fpu/libnosys.a
END GROUP
START GROUP
LOAD /Applications/Ac6/SystemWorkbench.app/Contents/Eclipse/plugins/fr.ac6.mcu.externaltools.arm-none.macos64_1.6.0.201601291255/tools/compiler/bin/../lib/gcc/arm-none-eabi/5.2.1/armv7e-m/fpu/libgcc.a
LOAD /Applications/Ac6/SystemWorkbench.app/Contents/Eclipse/plugins/fr.ac6.mcu.externaltools.arm-none.macos64_1.6.0.201601291255/tools/compiler/bin/../lib/gcc/arm-none-eabi/5.2.1/../../../../arm-none-eabi/lib/armv7e-m/fpu/libc_nano.a
LOAD /Applications/Ac6/SystemWorkbench.app/Contents/Eclipse/plugins/fr.ac6.mcu.externaltools.arm-none.macos64_1.6.0.201601291255/tools/compiler/bin/../lib/gcc/arm-none-eabi/5.2.1/../../../../arm-none-eabi/lib/armv7e-m/fpu/libnosys.a
END GROUP
LOAD /Applications/Ac6/SystemWorkbench.app/Contents/Eclipse/plugins/fr.ac6.mcu.externaltools.arm-none.macos64_1.6.0.201601291255/tools/compiler/bin/../lib/gcc/arm-none-eabi/5.2.1/armv7e-m/fpu/crtend.o
LOAD /Applications/Ac6/SystemWorkbench.app/Contents/Eclipse/plugins/fr.ac6.mcu.externaltools.arm-none.macos64_1.6.0.201601291255/tools/compiler/bin/../lib/gcc/arm-none-eabi/5.2.1/armv7e-m/fpu/crtn.o
                0x0000000020018000                _estack = 0x20018000
                0x0000000000000200                _Min_Heap_Size = 0x200
                0x0000000000000400                _Min_Stack_Size = 0x400

.isr_vector     0x0000000008000000      0x194
                0x0000000008000000                . = ALIGN (0x4)
 *(.isr_vector)
 .isr_vector    0x0000000008000000      0x194 Application/SW4STM32/startup_stm32f401xe.o
                0x0000000008000000                g_pfnVectors
                0x0000000008000194                . = ALIGN (0x4)

.text           0x00000000080001a0     0x2d64
                0x00000000080001a0                . = ALIGN (0x4)
 *(.text)
 .text          0x00000000080001a0       0xa4 /Applications/Ac6/SystemWorkbench.app/Contents/Eclipse/plugins/fr.ac6.mcu.externaltools.arm-none.macos64_1.6.0.201601291255/tools/compiler/bin/../lib/gcc/arm-none-eabi/5.2.1/armv7e-m/fpu/crtbegin.o
 *fill*         0x0000000008000244        0xc 
 .text          0x0000000008000250       0xa0 /Applications/Ac6/SystemWorkbench.app/Contents/Eclipse/plugins/fr.ac6.mcu.externaltools.arm-none.macos64_1.6.0.201601291255/tools/compiler/bin/../lib/gcc/arm-none-eabi/5.2.1/../../../../arm-none-eabi/lib/armv7e-m/fpu/libc_nano.a(lib_a-memchr.o)
                0x0000000008000250                memchr
 *(.text*)
 .text.Reset_Handler
                0x00000000080002f0       0x50 Application/SW4STM32/startup_stm32f401xe.o
                0x00000000080002f0                Reset_Handler
 .text.Default_Handler
                0x0000000008000340        0x2 Application/SW4STM32/startup_stm32f401xe.o
                0x0000000008000340                DMA1_Stream3_IRQHandler
                0x0000000008000340                EXTI2_IRQHandler
                0x0000000008000340                DebugMon_Handler
                0x0000000008000340                SPI4_IRQHandler
                0x0000000008000340                TIM1_CC_IRQHandler
                0x0000000008000340                DMA2_Stream5_IRQHandler
                0x0000000008000340                HardFault_Handler
                0x0000000008000340                DMA1_Stream5_IRQHandler
                0x0000000008000340                PVD_IRQHandler
                0x0000000008000340                SDIO_IRQHandler
                0x0000000008000340                TAMP_STAMP_IRQHandler
                0x0000000008000340                PendSV_Handler
                0x0000000008000340                NMI_Handler
                0x0000000008000340                EXTI3_IRQHandler
                0x0000000008000340                TIM1_UP_TIM10_IRQHandler
                0x0000000008000340                I2C3_ER_IRQHandler
                0x0000000008000340                EXTI0_IRQHandler
                0x0000000008000340                I2C2_EV_IRQHandler
                0x0000000008000340                DMA1_Stream2_IRQHandler
                0x0000000008000340                FPU_IRQHandler
                0x0000000008000340                UsageFault_Handler
                0x0000000008000340                DMA2_Stream2_IRQHandler
                0x0000000008000340                SPI1_IRQHandler
                0x0000000008000340                TIM1_BRK_TIM9_IRQHandler
                0x0000000008000340                DMA2_Stream3_IRQHandler
                0x0000000008000340                USART6_IRQHandler
                0x0000000008000340                DMA2_Stream0_IRQHandler
                0x0000000008000340                TIM4_IRQHandler
                0x0000000008000340                I2C1_EV_IRQHandler
                0x0000000008000340                DMA1_Stream6_IRQHandler
                0x0000000008000340                DMA1_Stream1_IRQHandler
                0x0000000008000340                TIM3_IRQHandler
                0x0000000008000340                RCC_IRQHandler
                0x0000000008000340                Default_Handler
                0x0000000008000340                EXTI15_10_IRQHandler
                0x0000000008000340                ADC_IRQHandler
                0x0000000008000340                DMA1_Stream7_IRQHandler
                0x0000000008000340                TIM5_IRQHandler
                0x0000000008000340                DMA2_Stream7_IRQHandler
                0x0000000008000340                I2C3_EV_IRQHandler
                0x0000000008000340                EXTI9_5_IRQHandler
                0x0000000008000340                RTC_WKUP_IRQHandler
                0x0000000008000340                SPI2_IRQHandler
                0x0000000008000340                MemManage_Handler
                0x0000000008000340                DMA1_Stream0_IRQHandler
                0x0000000008000340                SVC_Handler
                0x0000000008000340                EXTI4_IRQHandler
                0x0000000008000340                WWDG_IRQHandler
                0x0000000008000340                TIM2_IRQHandler
                0x0000000008000340                OTG_FS_WKUP_IRQHandler
                0x0000000008000340                TIM1_TRG_COM_TIM11_IRQHandler
                0x0000000008000340                EXTI1_IRQHandler
                0x0000000008000340                USART2_IRQHandler
                0x0000000008000340                I2C2_ER_IRQHandler
                0x0000000008000340                DMA2_Stream1_IRQHandler
                0x0000000008000340                FLASH_IRQHandler
                0x0000000008000340                DMA2_Stream4_IRQHandler
                0x0000000008000340                BusFault_Handler
                0x0000000008000340                USART1_IRQHandler
                0x0000000008000340                OTG_FS_IRQHandler
                0x0000000008000340                SPI3_IRQHandler
                0x0000000008000340                DMA1_Stream4_IRQHandler
                0x0000000008000340                I2C1_ER_IRQHandler
                0x0000000008000340                DMA2_Stream6_IRQHandler
                0x0000000008000340                RTC_Alarm_IRQHandler
 *fill*         0x0000000008000342        0x2 
 .text.MX_GPIO_Init
                0x0000000008000344       0xb8 Application/User/gpio.o
                0x0000000008000344                MX_GPIO_Init
 .text.cs_sel   0x00000000080003fc       0x10 Application/User/main.o
                0x00000000080003fc                cs_sel
 .text.cs_desel
                0x000000000800040c       0x10 Application/User/main.o
                0x000000000800040c                cs_desel
 .text.spi_rb   0x000000000800041c       0x20 Application/User/main.o
                0x000000000800041c                spi_rb
 .text.spi_wb   0x000000000800043c       0x20 Application/User/main.o
                0x000000000800043c                spi_wb
 .text.SystemClock_Config
                0x000000000800045c       0xac Application/User/main.o
                0x000000000800045c                SystemClock_Config
 .text.startup.main
                0x0000000008000508      0x17c Application/User/main.o
                0x0000000008000508                main
 .text.Error_Handler
                0x0000000008000684        0x2 Application/User/main.o
                0x0000000008000684                Error_Handler
 *fill*         0x0000000008000686        0x2 
 .text.MX_SPI2_Init
                0x0000000008000688       0x40 Application/User/spi.o
                0x0000000008000688                MX_SPI2_Init
 .text.HAL_SPI_MspInit
                0x00000000080006c8       0x64 Application/User/spi.o
                0x00000000080006c8                HAL_SPI_MspInit
 .text.HAL_MspInit
                0x000000000800072c       0x60 Application/User/stm32f4xx_hal_msp.o
                0x000000000800072c                HAL_MspInit
 .text.SysTick_Handler
                0x000000000800078c        0xe Application/User/stm32f4xx_it.o
                0x000000000800078c                SysTick_Handler
 *fill*         0x000000000800079a        0x2 
 .text.HAL_TIM_PWM_MspInit
                0x000000000800079c       0xbc Application/User/tim.o
                0x000000000800079c                HAL_TIM_PWM_MspInit
 .text.HAL_TIM_MspPostInit
                0x0000000008000858       0xd4 Application/User/tim.o
                0x0000000008000858                HAL_TIM_MspPostInit
 .text.MX_TIM1_Init
                0x000000000800092c       0xb8 Application/User/tim.o
                0x000000000800092c                MX_TIM1_Init
 .text.MX_TIM2_Init
                0x00000000080009e4       0x6c Application/User/tim.o
                0x00000000080009e4                MX_TIM2_Init
 .text.MX_TIM3_Init
                0x0000000008000a50       0x90 Application/User/tim.o
                0x0000000008000a50                MX_TIM3_Init
 .text.MX_TIM4_Init
                0x0000000008000ae0       0x90 Application/User/tim.o
                0x0000000008000ae0                MX_TIM4_Init
 .text.MX_TIM5_Init
                0x0000000008000b70       0x6c Application/User/tim.o
                0x0000000008000b70                MX_TIM5_Init
 .text.SystemInit
                0x0000000008000bdc       0x4c Drivers/CMSIS/system_stm32f4xx.o
                0x0000000008000bdc                SystemInit
 .text.HAL_InitTick
                0x0000000008000c28       0x28 Drivers/STM32F4xx_HAL_Driver/stm32f4xx_hal.o
                0x0000000008000c28                HAL_InitTick
 .text.HAL_Init
                0x0000000008000c50       0x34 Drivers/STM32F4xx_HAL_Driver/stm32f4xx_hal.o
                0x0000000008000c50                HAL_Init
 .text.HAL_IncTick
                0x0000000008000c84       0x10 Drivers/STM32F4xx_HAL_Driver/stm32f4xx_hal.o
                0x0000000008000c84                HAL_IncTick
 .text.HAL_GetTick
                0x0000000008000c94        0xc Drivers/STM32F4xx_HAL_Driver/stm32f4xx_hal.o
                0x0000000008000c94                HAL_GetTick
 .text.HAL_Delay
                0x0000000008000ca0       0x1a Drivers/STM32F4xx_HAL_Driver/stm32f4xx_hal.o
                0x0000000008000ca0                HAL_Delay
 *fill*         0x0000000008000cba        0x2 
 .text.HAL_NVIC_SetPriorityGrouping
                0x0000000008000cbc       0x24 Drivers/STM32F4xx_HAL_Driver/stm32f4xx_hal_cortex.o
                0x0000000008000cbc                HAL_NVIC_SetPriorityGrouping
 .text.HAL_NVIC_SetPriority
                0x0000000008000ce0       0x68 Drivers/STM32F4xx_HAL_Driver/stm32f4xx_hal_cortex.o
                0x0000000008000ce0                HAL_NVIC_SetPriority
 .text.HAL_SYSTICK_Config
                0x0000000008000d48       0x2c Drivers/STM32F4xx_HAL_Driver/stm32f4xx_hal_cortex.o
                0x0000000008000d48                HAL_SYSTICK_Config
 .text.HAL_SYSTICK_CLKSourceConfig
                0x0000000008000d74       0x18 Drivers/STM32F4xx_HAL_Driver/stm32f4xx_hal_cortex.o
                0x0000000008000d74                HAL_SYSTICK_CLKSourceConfig
 .text.HAL_SYSTICK_Callback
                0x0000000008000d8c        0x2 Drivers/STM32F4xx_HAL_Driver/stm32f4xx_hal_cortex.o
                0x0000000008000d8c                HAL_SYSTICK_Callback
 .text.HAL_SYSTICK_IRQHandler
                0x0000000008000d8e        0x8 Drivers/STM32F4xx_HAL_Driver/stm32f4xx_hal_cortex.o
                0x0000000008000d8e                HAL_SYSTICK_IRQHandler
 *fill*         0x0000000008000d96        0x2 
 .text.HAL_GPIO_Init
                0x0000000008000d98      0x19c Drivers/STM32F4xx_HAL_Driver/stm32f4xx_hal_gpio.o
                0x0000000008000d98                HAL_GPIO_Init
 .text.HAL_GPIO_WritePin
                0x0000000008000f34        0x8 Drivers/STM32F4xx_HAL_Driver/stm32f4xx_hal_gpio.o
                0x0000000008000f34                HAL_GPIO_WritePin
 .text.HAL_RCC_OscConfig
                0x0000000008000f3c      0x2d0 Drivers/STM32F4xx_HAL_Driver/stm32f4xx_hal_rcc.o
                0x0000000008000f3c                HAL_RCC_OscConfig
 .text.HAL_RCC_GetSysClockFreq
                0x000000000800120c       0x7c Drivers/STM32F4xx_HAL_Driver/stm32f4xx_hal_rcc.o
                0x000000000800120c                HAL_RCC_GetSysClockFreq
 .text.HAL_RCC_ClockConfig
                0x0000000008001288      0x168 Drivers/STM32F4xx_HAL_Driver/stm32f4xx_hal_rcc.o
                0x0000000008001288                HAL_RCC_ClockConfig
 .text.HAL_RCC_GetHCLKFreq
                0x00000000080013f0        0xc Drivers/STM32F4xx_HAL_Driver/stm32f4xx_hal_rcc.o
                0x00000000080013f0                HAL_RCC_GetHCLKFreq
 .text.SPI_WaitFlagStateUntilTimeout
                0x00000000080013fc       0x8e Drivers/STM32F4xx_HAL_Driver/stm32f4xx_hal_spi.o
 .text.SPI_CheckFlag_BSY
                0x000000000800148a       0x20 Drivers/STM32F4xx_HAL_Driver/stm32f4xx_hal_spi.o
 .text.HAL_SPI_Init
                0x00000000080014aa       0x7a Drivers/STM32F4xx_HAL_Driver/stm32f4xx_hal_spi.o
                0x00000000080014aa                HAL_SPI_Init
 .text.HAL_SPI_Transmit
                0x0000000008001524      0x15a Drivers/STM32F4xx_HAL_Driver/stm32f4xx_hal_spi.o
                0x0000000008001524                HAL_SPI_Transmit
 .text.HAL_SPI_TransmitReceive
                0x000000000800167e      0x214 Drivers/STM32F4xx_HAL_Driver/stm32f4xx_hal_spi.o
                0x000000000800167e                HAL_SPI_TransmitReceive
 .text.HAL_SPI_Receive
                0x0000000008001892      0x140 Drivers/STM32F4xx_HAL_Driver/stm32f4xx_hal_spi.o
                0x0000000008001892                HAL_SPI_Receive
 *fill*         0x00000000080019d2        0x2 
 .text.TIM_OC1_SetConfig
                0x00000000080019d4       0x50 Drivers/STM32F4xx_HAL_Driver/stm32f4xx_hal_tim.o
 .text.TIM_OC3_SetConfig
                0x0000000008001a24       0x58 Drivers/STM32F4xx_HAL_Driver/stm32f4xx_hal_tim.o
 .text.TIM_OC4_SetConfig
                0x0000000008001a7c       0x44 Drivers/STM32F4xx_HAL_Driver/stm32f4xx_hal_tim.o
 .text.TIM_Base_SetConfig
                0x0000000008001ac0       0x98 Drivers/STM32F4xx_HAL_Driver/stm32f4xx_hal_tim.o
                0x0000000008001ac0                TIM_Base_SetConfig
 .text.HAL_TIM_PWM_Init
                0x0000000008001b58       0x34 Drivers/STM32F4xx_HAL_Driver/stm32f4xx_hal_tim.o
                0x0000000008001b58                HAL_TIM_PWM_Init
 .text.TIM_OC2_SetConfig
                0x0000000008001b8c       0x58 Drivers/STM32F4xx_HAL_Driver/stm32f4xx_hal_tim.o
                0x0000000008001b8c                TIM_OC2_SetConfig
 .text.HAL_TIM_PWM_ConfigChannel
                0x0000000008001be4       0xc6 Drivers/STM32F4xx_HAL_Driver/stm32f4xx_hal_tim.o
                0x0000000008001be4                HAL_TIM_PWM_ConfigChannel
 .text.HAL_TIMEx_MasterConfigSynchronization
                0x0000000008001caa       0x44 Drivers/STM32F4xx_HAL_Driver/stm32f4xx_hal_tim_ex.o
                0x0000000008001caa                HAL_TIMEx_MasterConfigSynchronization
 .text.HAL_TIMEx_ConfigBreakDeadTime
                0x0000000008001cee       0x40 Drivers/STM32F4xx_HAL_Driver/stm32f4xx_hal_tim_ex.o
                0x0000000008001cee                HAL_TIMEx_ConfigBreakDeadTime
 *fill*         0x0000000008001d2e        0x2 
 .text.WIZCHIP_WRITE
                0x0000000008001d30       0x3c Drivers/ioLibrary_Driver/Ethernet/W5100/w5100.o
                0x0000000008001d30                WIZCHIP_WRITE
 .text.WIZCHIP_READ
                0x0000000008001d6c       0x38 Drivers/ioLibrary_Driver/Ethernet/W5100/w5100.o
                0x0000000008001d6c                WIZCHIP_READ
 .text.WIZCHIP_WRITE_BUF
                0x0000000008001da4       0x58 Drivers/ioLibrary_Driver/Ethernet/W5100/w5100.o
                0x0000000008001da4                WIZCHIP_WRITE_BUF
 .text.WIZCHIP_READ_BUF
                0x0000000008001dfc       0x58 Drivers/ioLibrary_Driver/Ethernet/W5100/w5100.o
                0x0000000008001dfc                WIZCHIP_READ_BUF
 .text.getSn_TX_FSR
                0x0000000008001e54       0x40 Drivers/ioLibrary_Driver/Ethernet/W5100/w5100.o
                0x0000000008001e54                getSn_TX_FSR
 .text.getSn_RX_RSR
                0x0000000008001e94       0x40 Drivers/ioLibrary_Driver/Ethernet/W5100/w5100.o
                0x0000000008001e94                getSn_RX_RSR
 .text.getSn_TxBASE
                0x0000000008001ed4       0x4c Drivers/ioLibrary_Driver/Ethernet/W5100/w5100.o
                0x0000000008001ed4                getSn_TxBASE
 .text.wiz_send_data
                0x0000000008001f20       0xe0 Drivers/ioLibrary_Driver/Ethernet/W5100/w5100.o
                0x0000000008001f20                wiz_send_data
 .text.close    0x0000000008002000       0x64 Drivers/ioLibrary_Driver/Ethernet/socket.o
                0x0000000008002000                close
 .text.socket   0x0000000008002064       0xfc Drivers/ioLibrary_Driver/Ethernet/socket.o
                0x0000000008002064                socket
 .text.listen   0x0000000008002160       0x60 Drivers/ioLibrary_Driver/Ethernet/socket.o
                0x0000000008002160                listen
 .text.disconnect
                0x00000000080021c0       0x78 Drivers/ioLibrary_Driver/Ethernet/socket.o
                0x00000000080021c0                disconnect
 .text.send     0x0000000008002238      0x128 Drivers/ioLibrary_Driver/Ethernet/socket.o
                0x0000000008002238                send
 .text.getsockopt
                0x0000000008002360       0xe0 Drivers/ioLibrary_Driver/Ethernet/socket.o
                0x0000000008002360                getsockopt
 .text.wizchip_cs_deselect
                0x0000000008002440        0x2 Drivers/ioLibrary_Driver/Ethernet/wizchip_conf.o
                0x0000000008002440                wizchip_cs_deselect
 .text.wizchip_bus_readdata
                0x0000000008002442        0x4 Drivers/ioLibrary_Driver/Ethernet/wizchip_conf.o
                0x0000000008002442                wizchip_bus_readdata
 .text.wizchip_bus_writedata
                0x0000000008002446        0x4 Drivers/ioLibrary_Driver/Ethernet/wizchip_conf.o
                0x0000000008002446                wizchip_bus_writedata
 .text.wizchip_spi_readbyte
                0x000000000800244a        0x4 Drivers/ioLibrary_Driver/Ethernet/wizchip_conf.o
                0x000000000800244a                wizchip_spi_readbyte
 .text.wizchip_spi_writebyte
                0x000000000800244e        0x2 Drivers/ioLibrary_Driver/Ethernet/wizchip_conf.o
                0x000000000800244e                wizchip_spi_writebyte
 .text.wizchip_cris_enter
                0x0000000008002450        0x2 Drivers/ioLibrary_Driver/Ethernet/wizchip_conf.o
                0x0000000008002450                wizchip_cris_enter
 .text.wizchip_cris_exit
                0x0000000008002452        0x2 Drivers/ioLibrary_Driver/Ethernet/wizchip_conf.o
                0x0000000008002452                wizchip_cris_exit
 .text.wizchip_cs_select
                0x0000000008002454        0x2 Drivers/ioLibrary_Driver/Ethernet/wizchip_conf.o
                0x0000000008002454                wizchip_cs_select
 *fill*         0x0000000008002456        0x2 
 .text.reg_wizchip_cs_cbfunc
                0x0000000008002458       0x24 Drivers/ioLibrary_Driver/Ethernet/wizchip_conf.o
                0x0000000008002458                reg_wizchip_cs_cbfunc
 .text.reg_wizchip_spi_cbfunc
                0x000000000800247c       0x30 Drivers/ioLibrary_Driver/Ethernet/wizchip_conf.o
                0x000000000800247c                reg_wizchip_spi_cbfunc
 .text.wizchip_sw_reset
                0x00000000080024ac       0x6a Drivers/ioLibrary_Driver/Ethernet/wizchip_conf.o
                0x00000000080024ac                wizchip_sw_reset
 .text.wizchip_init
                0x0000000008002516       0xa4 Drivers/ioLibrary_Driver/Ethernet/wizchip_conf.o
                0x0000000008002516                wizchip_init
 *fill*         0x00000000080025ba        0x2 
 .text.wizchip_setnetinfo
                0x00000000080025bc       0x4c Drivers/ioLibrary_Driver/Ethernet/wizchip_conf.o
                0x00000000080025bc                wizchip_setnetinfo
 .text.wizchip_getnetinfo
                0x0000000008002608       0x4c Drivers/ioLibrary_Driver/Ethernet/wizchip_conf.o
                0x0000000008002608                wizchip_getnetinfo
 .text.__libc_init_array
                0x0000000008002654       0x4c /Applications/Ac6/SystemWorkbench.app/Contents/Eclipse/plugins/fr.ac6.mcu.externaltools.arm-none.macos64_1.6.0.201601291255/tools/compiler/bin/../lib/gcc/arm-none-eabi/5.2.1/../../../../arm-none-eabi/lib/armv7e-m/fpu/libc_nano.a(lib_a-init.o)
                0x0000000008002654                __libc_init_array
 .text.memcpy   0x00000000080026a0       0x16 /Applications/Ac6/SystemWorkbench.app/Contents/Eclipse/plugins/fr.ac6.mcu.externaltools.arm-none.macos64_1.6.0.201601291255/tools/compiler/bin/../lib/gcc/arm-none-eabi/5.2.1/../../../../arm-none-eabi/lib/armv7e-m/fpu/libc_nano.a(lib_a-memcpy-stub.o)
                0x00000000080026a0                memcpy
 .text.memset   0x00000000080026b6       0x10 /Applications/Ac6/SystemWorkbench.app/Contents/Eclipse/plugins/fr.ac6.mcu.externaltools.arm-none.macos64_1.6.0.201601291255/tools/compiler/bin/../lib/gcc/arm-none-eabi/5.2.1/../../../../arm-none-eabi/lib/armv7e-m/fpu/libc_nano.a(lib_a-memset.o)
                0x00000000080026b6                memset
 *fill*         0x00000000080026c6        0x2 
 .text._free_r  0x00000000080026c8       0x8c /Applications/Ac6/SystemWorkbench.app/Contents/Eclipse/plugins/fr.ac6.mcu.externaltools.arm-none.macos64_1.6.0.201601291255/tools/compiler/bin/../lib/gcc/arm-none-eabi/5.2.1/../../../../arm-none-eabi/lib/armv7e-m/fpu/libc_nano.a(lib_a-nano-freer.o)
                0x00000000080026c8                _free_r
 .text._malloc_r
                0x0000000008002754       0xa8 /Applications/Ac6/SystemWorkbench.app/Contents/Eclipse/plugins/fr.ac6.mcu.externaltools.arm-none.macos64_1.6.0.201601291255/tools/compiler/bin/../lib/gcc/arm-none-eabi/5.2.1/../../../../arm-none-eabi/lib/armv7e-m/fpu/libc_nano.a(lib_a-nano-mallocr.o)
                0x0000000008002754                _malloc_r
 .text._sbrk_r  0x00000000080027fc       0x20 /Applications/Ac6/SystemWorkbench.app/Contents/Eclipse/plugins/fr.ac6.mcu.externaltools.arm-none.macos64_1.6.0.201601291255/tools/compiler/bin/../lib/gcc/arm-none-eabi/5.2.1/../../../../arm-none-eabi/lib/armv7e-m/fpu/libc_nano.a(lib_a-sbrkr.o)
                0x00000000080027fc                _sbrk_r
 .text.sprintf  0x000000000800281c       0x48 /Applications/Ac6/SystemWorkbench.app/Contents/Eclipse/plugins/fr.ac6.mcu.externaltools.arm-none.macos64_1.6.0.201601291255/tools/compiler/bin/../lib/gcc/arm-none-eabi/5.2.1/../../../../arm-none-eabi/lib/armv7e-m/fpu/libc_nano.a(lib_a-sprintf.o)
                0x000000000800281c                sprintf
                0x000000000800281c                siprintf
 .text.__ssputs_r
                0x0000000008002864       0xb2 /Applications/Ac6/SystemWorkbench.app/Contents/Eclipse/plugins/fr.ac6.mcu.externaltools.arm-none.macos64_1.6.0.201601291255/tools/compiler/bin/../lib/gcc/arm-none-eabi/5.2.1/../../../../arm-none-eabi/lib/armv7e-m/fpu/libc_nano.a(lib_a-nano-svfprintf.o)
                0x0000000008002864                __ssputs_r
 *fill*         0x0000000008002916        0x2 
 .text._svfprintf_r
                0x0000000008002918      0x1e8 /Applications/Ac6/SystemWorkbench.app/Contents/Eclipse/plugins/fr.ac6.mcu.externaltools.arm-none.macos64_1.6.0.201601291255/tools/compiler/bin/../lib/gcc/arm-none-eabi/5.2.1/../../../../arm-none-eabi/lib/armv7e-m/fpu/libc_nano.a(lib_a-nano-svfprintf.o)
                0x0000000008002918                _svfprintf_r
                0x0000000008002918                _svfiprintf_r
 .text._printf_common
                0x0000000008002b00       0xec /Applications/Ac6/SystemWorkbench.app/Contents/Eclipse/plugins/fr.ac6.mcu.externaltools.arm-none.macos64_1.6.0.201601291255/tools/compiler/bin/../lib/gcc/arm-none-eabi/5.2.1/../../../../arm-none-eabi/lib/armv7e-m/fpu/libc_nano.a(lib_a-nano-vfprintf_i.o)
                0x0000000008002b00                _printf_common
 .text._printf_i
                0x0000000008002bec      0x24c /Applications/Ac6/SystemWorkbench.app/Contents/Eclipse/plugins/fr.ac6.mcu.externaltools.arm-none.macos64_1.6.0.201601291255/tools/compiler/bin/../lib/gcc/arm-none-eabi/5.2.1/../../../../arm-none-eabi/lib/armv7e-m/fpu/libc_nano.a(lib_a-nano-vfprintf_i.o)
                0x0000000008002bec                _printf_i
 .text.memmove  0x0000000008002e38       0x36 /Applications/Ac6/SystemWorkbench.app/Contents/Eclipse/plugins/fr.ac6.mcu.externaltools.arm-none.macos64_1.6.0.201601291255/tools/compiler/bin/../lib/gcc/arm-none-eabi/5.2.1/../../../../arm-none-eabi/lib/armv7e-m/fpu/libc_nano.a(lib_a-memmove.o)
                0x0000000008002e38                memmove
 .text._realloc_r
                0x0000000008002e6e       0x4c /Applications/Ac6/SystemWorkbench.app/Contents/Eclipse/plugins/fr.ac6.mcu.externaltools.arm-none.macos64_1.6.0.201601291255/tools/compiler/bin/../lib/gcc/arm-none-eabi/5.2.1/../../../../arm-none-eabi/lib/armv7e-m/fpu/libc_nano.a(lib_a-nano-reallocr.o)
                0x0000000008002e6e                _realloc_r
 .text._malloc_usable_size_r
                0x0000000008002eba       0x14 /Applications/Ac6/SystemWorkbench.app/Contents/Eclipse/plugins/fr.ac6.mcu.externaltools.arm-none.macos64_1.6.0.201601291255/tools/compiler/bin/../lib/gcc/arm-none-eabi/5.2.1/../../../../arm-none-eabi/lib/armv7e-m/fpu/libc_nano.a(lib_a-nano-msizer.o)
                0x0000000008002eba                _malloc_usable_size_r
 *fill*         0x0000000008002ece        0x2 
 .text._sbrk    0x0000000008002ed0       0x1c /Applications/Ac6/SystemWorkbench.app/Contents/Eclipse/plugins/fr.ac6.mcu.externaltools.arm-none.macos64_1.6.0.201601291255/tools/compiler/bin/../lib/gcc/arm-none-eabi/5.2.1/../../../../arm-none-eabi/lib/armv7e-m/fpu/libnosys.a(sbrk.o)
                0x0000000008002ed0                _sbrk
 *(.glue_7)
 .glue_7        0x0000000008002eec        0x0 linker stubs
 *(.glue_7t)
 .glue_7t       0x0000000008002eec        0x0 linker stubs
 *(.eh_frame)
 .eh_frame      0x0000000008002eec        0x0 /Applications/Ac6/SystemWorkbench.app/Contents/Eclipse/plugins/fr.ac6.mcu.externaltools.arm-none.macos64_1.6.0.201601291255/tools/compiler/bin/../lib/gcc/arm-none-eabi/5.2.1/armv7e-m/fpu/crtbegin.o
 *(.init)
 .init          0x0000000008002eec        0x4 /Applications/Ac6/SystemWorkbench.app/Contents/Eclipse/plugins/fr.ac6.mcu.externaltools.arm-none.macos64_1.6.0.201601291255/tools/compiler/bin/../lib/gcc/arm-none-eabi/5.2.1/armv7e-m/fpu/crti.o
                0x0000000008002eec                _init
 .init          0x0000000008002ef0        0x8 /Applications/Ac6/SystemWorkbench.app/Contents/Eclipse/plugins/fr.ac6.mcu.externaltools.arm-none.macos64_1.6.0.201601291255/tools/compiler/bin/../lib/gcc/arm-none-eabi/5.2.1/armv7e-m/fpu/crtn.o
 *(.fini)
 .fini          0x0000000008002ef8        0x4 /Applications/Ac6/SystemWorkbench.app/Contents/Eclipse/plugins/fr.ac6.mcu.externaltools.arm-none.macos64_1.6.0.201601291255/tools/compiler/bin/../lib/gcc/arm-none-eabi/5.2.1/armv7e-m/fpu/crti.o
                0x0000000008002ef8                _fini
 .fini          0x0000000008002efc        0x8 /Applications/Ac6/SystemWorkbench.app/Contents/Eclipse/plugins/fr.ac6.mcu.externaltools.arm-none.macos64_1.6.0.201601291255/tools/compiler/bin/../lib/gcc/arm-none-eabi/5.2.1/armv7e-m/fpu/crtn.o
                0x0000000008002f04                . = ALIGN (0x4)
                0x0000000008002f04                _etext = .

.vfp11_veneer   0x0000000008002f04        0x0
 .vfp11_veneer  0x0000000008002f04        0x0 linker stubs

.v4_bx          0x0000000008002f04        0x0
 .v4_bx         0x0000000008002f04        0x0 linker stubs

.iplt           0x0000000008002f04        0x0
 .iplt          0x0000000008002f04        0x0 /Applications/Ac6/SystemWorkbench.app/Contents/Eclipse/plugins/fr.ac6.mcu.externaltools.arm-none.macos64_1.6.0.201601291255/tools/compiler/bin/../lib/gcc/arm-none-eabi/5.2.1/armv7e-m/fpu/crtbegin.o

.rodata         0x0000000008002f04      0x160
                0x0000000008002f04                . = ALIGN (0x4)
 *(.rodata)
 .rodata        0x0000000008002f04        0x4 Application/User/main.o
 .rodata        0x0000000008002f08       0x10 Drivers/STM32F4xx_HAL_Driver/stm32f4xx_hal_rcc.o
                0x0000000008002f08                APBAHBPrescTable
 *(.rodata*)
 .rodata.str1.1
                0x0000000008002f18       0xb5 Application/User/main.o
 .rodata.str1.1
                0x0000000008002fcd        0x2 /Applications/Ac6/SystemWorkbench.app/Contents/Eclipse/plugins/fr.ac6.mcu.externaltools.arm-none.macos64_1.6.0.201601291255/tools/compiler/bin/../lib/gcc/arm-none-eabi/5.2.1/../../../../arm-none-eabi/lib/armv7e-m/fpu/libc_nano.a(lib_a-impure.o)
 *fill*         0x0000000008002fcf        0x1 
 .rodata.__sf_fake_stdin
                0x0000000008002fd0       0x20 /Applications/Ac6/SystemWorkbench.app/Contents/Eclipse/plugins/fr.ac6.mcu.externaltools.arm-none.macos64_1.6.0.201601291255/tools/compiler/bin/../lib/gcc/arm-none-eabi/5.2.1/../../../../arm-none-eabi/lib/armv7e-m/fpu/libc_nano.a(lib_a-findfp.o)
                0x0000000008002fd0                __sf_fake_stdin
 .rodata.__sf_fake_stdout
                0x0000000008002ff0       0x20 /Applications/Ac6/SystemWorkbench.app/Contents/Eclipse/plugins/fr.ac6.mcu.externaltools.arm-none.macos64_1.6.0.201601291255/tools/compiler/bin/../lib/gcc/arm-none-eabi/5.2.1/../../../../arm-none-eabi/lib/armv7e-m/fpu/libc_nano.a(lib_a-findfp.o)
                0x0000000008002ff0                __sf_fake_stdout
 .rodata.__sf_fake_stderr
                0x0000000008003010       0x20 /Applications/Ac6/SystemWorkbench.app/Contents/Eclipse/plugins/fr.ac6.mcu.externaltools.arm-none.macos64_1.6.0.201601291255/tools/compiler/bin/../lib/gcc/arm-none-eabi/5.2.1/../../../../arm-none-eabi/lib/armv7e-m/fpu/libc_nano.a(lib_a-findfp.o)
                0x0000000008003010                __sf_fake_stderr
 .rodata.str1.1
                0x0000000008003030       0x11 /Applications/Ac6/SystemWorkbench.app/Contents/Eclipse/plugins/fr.ac6.mcu.externaltools.arm-none.macos64_1.6.0.201601291255/tools/compiler/bin/../lib/gcc/arm-none-eabi/5.2.1/../../../../arm-none-eabi/lib/armv7e-m/fpu/libc_nano.a(lib_a-nano-svfprintf.o)
 .rodata.str1.1
                0x0000000008003041       0x22 /Applications/Ac6/SystemWorkbench.app/Contents/Eclipse/plugins/fr.ac6.mcu.externaltools.arm-none.macos64_1.6.0.201601291255/tools/compiler/bin/../lib/gcc/arm-none-eabi/5.2.1/../../../../arm-none-eabi/lib/armv7e-m/fpu/libc_nano.a(lib_a-nano-vfprintf_i.o)
                0x0000000008003064                . = ALIGN (0x4)
 *fill*         0x0000000008003063        0x1 

.rel.dyn        0x0000000008003064        0x0
 .rel.iplt      0x0000000008003064        0x0 /Applications/Ac6/SystemWorkbench.app/Contents/Eclipse/plugins/fr.ac6.mcu.externaltools.arm-none.macos64_1.6.0.201601291255/tools/compiler/bin/../lib/gcc/arm-none-eabi/5.2.1/armv7e-m/fpu/crtbegin.o

.ARM.extab
 *(.ARM.extab* .gnu.linkonce.armextab.*)

.ARM            0x0000000008003064        0x0
                0x0000000008003064                __exidx_start = .
 *(.ARM.exidx*)
                0x0000000008003064                __exidx_end = .

.preinit_array  0x0000000008003064        0x0
                0x0000000008003064                PROVIDE (__preinit_array_start, .)
 *(.preinit_array*)
                0x0000000008003064                PROVIDE (__preinit_array_end, .)

.init_array     0x0000000008003064        0x4
                0x0000000008003064                PROVIDE (__init_array_start, .)
 *(SORT(.init_array.*))
 *(.init_array*)
 .init_array    0x0000000008003064        0x4 /Applications/Ac6/SystemWorkbench.app/Contents/Eclipse/plugins/fr.ac6.mcu.externaltools.arm-none.macos64_1.6.0.201601291255/tools/compiler/bin/../lib/gcc/arm-none-eabi/5.2.1/armv7e-m/fpu/crtbegin.o
                0x0000000008003068                PROVIDE (__init_array_end, .)

.fini_array     0x0000000008003068        0x4
                [!provide]                        PROVIDE (__fini_array_start, .)
 *(SORT(.fini_array.*))
 *(.fini_array*)
 .fini_array    0x0000000008003068        0x4 /Applications/Ac6/SystemWorkbench.app/Contents/Eclipse/plugins/fr.ac6.mcu.externaltools.arm-none.macos64_1.6.0.201601291255/tools/compiler/bin/../lib/gcc/arm-none-eabi/5.2.1/armv7e-m/fpu/crtbegin.o
                [!provide]                        PROVIDE (__fini_array_end, .)
                0x000000000800306c                _sidata = LOADADDR (.data)

.data           0x0000000020000000       0x94 load address 0x000000000800306c
                0x0000000020000000                . = ALIGN (0x4)
                0x0000000020000000                _sdata = .
 *(.data)
 .data          0x0000000020000000        0x4 Drivers/CMSIS/system_stm32f4xx.o
                0x0000000020000000                SystemCoreClock
 .data          0x0000000020000004        0x2 Drivers/ioLibrary_Driver/Ethernet/socket.o
 *fill*         0x0000000020000006        0x2 
 .data          0x0000000020000008       0x28 Drivers/ioLibrary_Driver/Ethernet/wizchip_conf.o
                0x0000000020000008                WIZCHIP
 *(.data*)
 .data.impure_data
                0x0000000020000030       0x60 /Applications/Ac6/SystemWorkbench.app/Contents/Eclipse/plugins/fr.ac6.mcu.externaltools.arm-none.macos64_1.6.0.201601291255/tools/compiler/bin/../lib/gcc/arm-none-eabi/5.2.1/../../../../arm-none-eabi/lib/armv7e-m/fpu/libc_nano.a(lib_a-impure.o)
 .data._impure_ptr
                0x0000000020000090        0x4 /Applications/Ac6/SystemWorkbench.app/Contents/Eclipse/plugins/fr.ac6.mcu.externaltools.arm-none.macos64_1.6.0.201601291255/tools/compiler/bin/../lib/gcc/arm-none-eabi/5.2.1/../../../../arm-none-eabi/lib/armv7e-m/fpu/libc_nano.a(lib_a-impure.o)
                0x0000000020000090                _impure_ptr
                0x0000000020000094                . = ALIGN (0x4)
                0x0000000020000094                _edata = .

.jcr            0x0000000020000094        0x0 load address 0x0000000008003100
 .jcr           0x0000000020000094        0x0 /Applications/Ac6/SystemWorkbench.app/Contents/Eclipse/plugins/fr.ac6.mcu.externaltools.arm-none.macos64_1.6.0.201601291255/tools/compiler/bin/../lib/gcc/arm-none-eabi/5.2.1/armv7e-m/fpu/crtbegin.o

.tm_clone_table
                0x0000000020000094        0x0 load address 0x0000000008003100
 .tm_clone_table
                0x0000000020000094        0x0 /Applications/Ac6/SystemWorkbench.app/Contents/Eclipse/plugins/fr.ac6.mcu.externaltools.arm-none.macos64_1.6.0.201601291255/tools/compiler/bin/../lib/gcc/arm-none-eabi/5.2.1/armv7e-m/fpu/crtbegin.o
 .tm_clone_table
                0x0000000020000094        0x0 /Applications/Ac6/SystemWorkbench.app/Contents/Eclipse/plugins/fr.ac6.mcu.externaltools.arm-none.macos64_1.6.0.201601291255/tools/compiler/bin/../lib/gcc/arm-none-eabi/5.2.1/armv7e-m/fpu/crtend.o

.igot.plt       0x0000000020000094        0x0 load address 0x0000000008003100
 .igot.plt      0x0000000020000094        0x0 /Applications/Ac6/SystemWorkbench.app/Contents/Eclipse/plugins/fr.ac6.mcu.externaltools.arm-none.macos64_1.6.0.201601291255/tools/compiler/bin/../lib/gcc/arm-none-eabi/5.2.1/armv7e-m/fpu/crtbegin.o
                0x0000000020000094                . = ALIGN (0x4)

.bss            0x0000000020000094      0x208 load address 0x0000000008003100
                0x0000000020000094                _sbss = .
                0x0000000020000094                __bss_start__ = _sbss
 *(.bss)
 .bss           0x0000000020000094       0x1c /Applications/Ac6/SystemWorkbench.app/Contents/Eclipse/plugins/fr.ac6.mcu.externaltools.arm-none.macos64_1.6.0.201601291255/tools/compiler/bin/../lib/gcc/arm-none-eabi/5.2.1/armv7e-m/fpu/crtbegin.o
 .bss           0x00000000200000b0       0x10 Drivers/ioLibrary_Driver/Ethernet/socket.o
                0x00000000200000bc                sock_pack_info
 .bss           0x00000000200000c0        0x5 Drivers/ioLibrary_Driver/Ethernet/wizchip_conf.o
 *(.bss*)
 *fill*         0x00000000200000c5        0x3 
 .bss.__malloc_sbrk_start
                0x00000000200000c8        0x4 /Applications/Ac6/SystemWorkbench.app/Contents/Eclipse/plugins/fr.ac6.mcu.externaltools.arm-none.macos64_1.6.0.201601291255/tools/compiler/bin/../lib/gcc/arm-none-eabi/5.2.1/../../../../arm-none-eabi/lib/armv7e-m/fpu/libc_nano.a(lib_a-nano-mallocr.o)
                0x00000000200000c8                __malloc_sbrk_start
 .bss.__malloc_free_list
                0x00000000200000cc        0x4 /Applications/Ac6/SystemWorkbench.app/Contents/Eclipse/plugins/fr.ac6.mcu.externaltools.arm-none.macos64_1.6.0.201601291255/tools/compiler/bin/../lib/gcc/arm-none-eabi/5.2.1/../../../../arm-none-eabi/lib/armv7e-m/fpu/libc_nano.a(lib_a-nano-mallocr.o)
                0x00000000200000cc                __malloc_free_list
 .bss.heap_end.4169
                0x00000000200000d0        0x4 /Applications/Ac6/SystemWorkbench.app/Contents/Eclipse/plugins/fr.ac6.mcu.externaltools.arm-none.macos64_1.6.0.201601291255/tools/compiler/bin/../lib/gcc/arm-none-eabi/5.2.1/../../../../arm-none-eabi/lib/armv7e-m/fpu/libnosys.a(sbrk.o)
 *(COMMON)
 COMMON         0x00000000200000d4       0x3c Application/User/main.o
                0x00000000200000d4                msg
 COMMON         0x0000000020000110       0x58 Application/User/spi.o
                0x0000000020000110                hspi2
 COMMON         0x0000000020000168      0x12c Application/User/tim.o
                0x0000000020000168                htim4
                0x00000000200001a4                htim5
                0x00000000200001e0                htim3
                0x000000002000021c                htim1
                0x0000000020000258                htim2
 COMMON         0x0000000020000294        0x4 Drivers/STM32F4xx_HAL_Driver/stm32f4xx_hal.o
                0x0000000020000294                uwTick
 COMMON         0x0000000020000298        0x4 /Applications/Ac6/SystemWorkbench.app/Contents/Eclipse/plugins/fr.ac6.mcu.externaltools.arm-none.macos64_1.6.0.201601291255/tools/compiler/bin/../lib/gcc/arm-none-eabi/5.2.1/../../../../arm-none-eabi/lib/armv7e-m/fpu/libc_nano.a(lib_a-reent.o)
                0x0000000020000298                errno
                0x000000002000029c                . = ALIGN (0x4)
                0x000000002000029c                _ebss = .
                0x000000002000029c                __bss_end__ = _ebss

._user_heap_stack
                0x000000002000029c      0x604 load address 0x0000000008003100
                0x00000000200002a0                . = ALIGN (0x8)
 *fill*         0x000000002000029c        0x4 
                0x00000000200002a0                PROVIDE (end, .)
                [!provide]                        PROVIDE (_end, .)
                0x00000000200004a0                . = (. + _Min_Heap_Size)
 *fill*         0x00000000200002a0      0x200 
                0x00000000200008a0                . = (. + _Min_Stack_Size)
 *fill*         0x00000000200004a0      0x400 
                0x00000000200008a0                . = ALIGN (0x8)

/DISCARD/
 libc.a(*)
 libm.a(*)
 libgcc.a(*)

.ARM.attributes
                0x0000000000000000       0x30
 *(.ARM.attributes)
 .ARM.attributes
                0x0000000000000000       0x22 /Applications/Ac6/SystemWorkbench.app/Contents/Eclipse/plugins/fr.ac6.mcu.externaltools.arm-none.macos64_1.6.0.201601291255/tools/compiler/bin/../lib/gcc/arm-none-eabi/5.2.1/armv7e-m/fpu/crti.o
 .ARM.attributes
                0x0000000000000022       0x34 /Applications/Ac6/SystemWorkbench.app/Contents/Eclipse/plugins/fr.ac6.mcu.externaltools.arm-none.macos64_1.6.0.201601291255/tools/compiler/bin/../lib/gcc/arm-none-eabi/5.2.1/armv7e-m/fpu/crtbegin.o
 .ARM.attributes
                0x0000000000000056       0x21 Application/SW4STM32/startup_stm32f401xe.o
 .ARM.attributes
                0x0000000000000077       0x39 Application/User/gpio.o
 .ARM.attributes
                0x00000000000000b0       0x39 Application/User/main.o
 .ARM.attributes
                0x00000000000000e9       0x39 Application/User/spi.o
 .ARM.attributes
                0x0000000000000122       0x39 Application/User/stm32f4xx_hal_msp.o
 .ARM.attributes
                0x000000000000015b       0x39 Application/User/stm32f4xx_it.o
 .ARM.attributes
                0x0000000000000194       0x39 Application/User/tim.o
 .ARM.attributes
                0x00000000000001cd       0x39 Drivers/CMSIS/system_stm32f4xx.o
 .ARM.attributes
                0x0000000000000206       0x39 Drivers/STM32F4xx_HAL_Driver/stm32f4xx_hal.o
 .ARM.attributes
                0x000000000000023f       0x39 Drivers/STM32F4xx_HAL_Driver/stm32f4xx_hal_cortex.o
 .ARM.attributes
                0x0000000000000278       0x39 Drivers/STM32F4xx_HAL_Driver/stm32f4xx_hal_gpio.o
 .ARM.attributes
                0x00000000000002b1       0x39 Drivers/STM32F4xx_HAL_Driver/stm32f4xx_hal_rcc.o
 .ARM.attributes
                0x00000000000002ea       0x39 Drivers/STM32F4xx_HAL_Driver/stm32f4xx_hal_spi.o
 .ARM.attributes
                0x0000000000000323       0x39 Drivers/STM32F4xx_HAL_Driver/stm32f4xx_hal_tim.o
 .ARM.attributes
                0x000000000000035c       0x39 Drivers/STM32F4xx_HAL_Driver/stm32f4xx_hal_tim_ex.o
 .ARM.attributes
                0x0000000000000395       0x39 Drivers/ioLibrary_Driver/Ethernet/W5100/w5100.o
 .ARM.attributes
                0x00000000000003ce       0x39 Drivers/ioLibrary_Driver/Ethernet/socket.o
 .ARM.attributes
                0x0000000000000407       0x39 Drivers/ioLibrary_Driver/Ethernet/wizchip_conf.o
 .ARM.attributes
                0x0000000000000440       0x34 /Applications/Ac6/SystemWorkbench.app/Contents/Eclipse/plugins/fr.ac6.mcu.externaltools.arm-none.macos64_1.6.0.201601291255/tools/compiler/bin/../lib/gcc/arm-none-eabi/5.2.1/../../../../arm-none-eabi/lib/armv7e-m/fpu/libc_nano.a(lib_a-impure.o)
 .ARM.attributes
                0x0000000000000474       0x34 /Applications/Ac6/SystemWorkbench.app/Contents/Eclipse/plugins/fr.ac6.mcu.externaltools.arm-none.macos64_1.6.0.201601291255/tools/compiler/bin/../lib/gcc/arm-none-eabi/5.2.1/../../../../arm-none-eabi/lib/armv7e-m/fpu/libc_nano.a(lib_a-init.o)
 .ARM.attributes
                0x00000000000004a8       0x34 /Applications/Ac6/SystemWorkbench.app/Contents/Eclipse/plugins/fr.ac6.mcu.externaltools.arm-none.macos64_1.6.0.201601291255/tools/compiler/bin/../lib/gcc/arm-none-eabi/5.2.1/../../../../arm-none-eabi/lib/armv7e-m/fpu/libc_nano.a(lib_a-memcpy-stub.o)
 .ARM.attributes
                0x00000000000004dc       0x34 /Applications/Ac6/SystemWorkbench.app/Contents/Eclipse/plugins/fr.ac6.mcu.externaltools.arm-none.macos64_1.6.0.201601291255/tools/compiler/bin/../lib/gcc/arm-none-eabi/5.2.1/../../../../arm-none-eabi/lib/armv7e-m/fpu/libc_nano.a(lib_a-memset.o)
 .ARM.attributes
                0x0000000000000510       0x34 /Applications/Ac6/SystemWorkbench.app/Contents/Eclipse/plugins/fr.ac6.mcu.externaltools.arm-none.macos64_1.6.0.201601291255/tools/compiler/bin/../lib/gcc/arm-none-eabi/5.2.1/../../../../arm-none-eabi/lib/armv7e-m/fpu/libc_nano.a(lib_a-nano-freer.o)
 .ARM.attributes
                0x0000000000000544       0x34 /Applications/Ac6/SystemWorkbench.app/Contents/Eclipse/plugins/fr.ac6.mcu.externaltools.arm-none.macos64_1.6.0.201601291255/tools/compiler/bin/../lib/gcc/arm-none-eabi/5.2.1/../../../../arm-none-eabi/lib/armv7e-m/fpu/libc_nano.a(lib_a-nano-mallocr.o)
 .ARM.attributes
                0x0000000000000578       0x34 /Applications/Ac6/SystemWorkbench.app/Contents/Eclipse/plugins/fr.ac6.mcu.externaltools.arm-none.macos64_1.6.0.201601291255/tools/compiler/bin/../lib/gcc/arm-none-eabi/5.2.1/../../../../arm-none-eabi/lib/armv7e-m/fpu/libc_nano.a(lib_a-sbrkr.o)
 .ARM.attributes
                0x00000000000005ac       0x34 /Applications/Ac6/SystemWorkbench.app/Contents/Eclipse/plugins/fr.ac6.mcu.externaltools.arm-none.macos64_1.6.0.201601291255/tools/compiler/bin/../lib/gcc/arm-none-eabi/5.2.1/../../../../arm-none-eabi/lib/armv7e-m/fpu/libc_nano.a(lib_a-sprintf.o)
 .ARM.attributes
                0x00000000000005e0       0x34 /Applications/Ac6/SystemWorkbench.app/Contents/Eclipse/plugins/fr.ac6.mcu.externaltools.arm-none.macos64_1.6.0.201601291255/tools/compiler/bin/../lib/gcc/arm-none-eabi/5.2.1/../../../../arm-none-eabi/lib/armv7e-m/fpu/libc_nano.a(lib_a-findfp.o)
 .ARM.attributes
                0x0000000000000614       0x34 /Applications/Ac6/SystemWorkbench.app/Contents/Eclipse/plugins/fr.ac6.mcu.externaltools.arm-none.macos64_1.6.0.201601291255/tools/compiler/bin/../lib/gcc/arm-none-eabi/5.2.1/../../../../arm-none-eabi/lib/armv7e-m/fpu/libc_nano.a(lib_a-nano-svfprintf.o)
 .ARM.attributes
                0x0000000000000648       0x34 /Applications/Ac6/SystemWorkbench.app/Contents/Eclipse/plugins/fr.ac6.mcu.externaltools.arm-none.macos64_1.6.0.201601291255/tools/compiler/bin/../lib/gcc/arm-none-eabi/5.2.1/../../../../arm-none-eabi/lib/armv7e-m/fpu/libc_nano.a(lib_a-nano-vfprintf_i.o)
 .ARM.attributes
                0x000000000000067c       0x34 /Applications/Ac6/SystemWorkbench.app/Contents/Eclipse/plugins/fr.ac6.mcu.externaltools.arm-none.macos64_1.6.0.201601291255/tools/compiler/bin/../lib/gcc/arm-none-eabi/5.2.1/../../../../arm-none-eabi/lib/armv7e-m/fpu/libc_nano.a(lib_a-reent.o)
 .ARM.attributes
                0x00000000000006b0       0x20 /Applications/Ac6/SystemWorkbench.app/Contents/Eclipse/plugins/fr.ac6.mcu.externaltools.arm-none.macos64_1.6.0.201601291255/tools/compiler/bin/../lib/gcc/arm-none-eabi/5.2.1/../../../../arm-none-eabi/lib/armv7e-m/fpu/libc_nano.a(lib_a-memchr.o)
 .ARM.attributes
                0x00000000000006d0       0x34 /Applications/Ac6/SystemWorkbench.app/Contents/Eclipse/plugins/fr.ac6.mcu.externaltools.arm-none.macos64_1.6.0.201601291255/tools/compiler/bin/../lib/gcc/arm-none-eabi/5.2.1/../../../../arm-none-eabi/lib/armv7e-m/fpu/libc_nano.a(lib_a-memmove.o)
 .ARM.attributes
                0x0000000000000704       0x34 /Applications/Ac6/SystemWorkbench.app/Contents/Eclipse/plugins/fr.ac6.mcu.externaltools.arm-none.macos64_1.6.0.201601291255/tools/compiler/bin/../lib/gcc/arm-none-eabi/5.2.1/../../../../arm-none-eabi/lib/armv7e-m/fpu/libc_nano.a(lib_a-nano-reallocr.o)
 .ARM.attributes
                0x0000000000000738       0x34 /Applications/Ac6/SystemWorkbench.app/Contents/Eclipse/plugins/fr.ac6.mcu.externaltools.arm-none.macos64_1.6.0.201601291255/tools/compiler/bin/../lib/gcc/arm-none-eabi/5.2.1/../../../../arm-none-eabi/lib/armv7e-m/fpu/libc_nano.a(lib_a-nano-msizer.o)
 .ARM.attributes
                0x000000000000076c       0x34 /Applications/Ac6/SystemWorkbench.app/Contents/Eclipse/plugins/fr.ac6.mcu.externaltools.arm-none.macos64_1.6.0.201601291255/tools/compiler/bin/../lib/gcc/arm-none-eabi/5.2.1/../../../../arm-none-eabi/lib/armv7e-m/fpu/libnosys.a(sbrk.o)
 .ARM.attributes
                0x00000000000007a0       0x34 /Applications/Ac6/SystemWorkbench.app/Contents/Eclipse/plugins/fr.ac6.mcu.externaltools.arm-none.macos64_1.6.0.201601291255/tools/compiler/bin/../lib/gcc/arm-none-eabi/5.2.1/armv7e-m/fpu/crtend.o
 .ARM.attributes
                0x00000000000007d4       0x22 /Applications/Ac6/SystemWorkbench.app/Contents/Eclipse/plugins/fr.ac6.mcu.externaltools.arm-none.macos64_1.6.0.201601291255/tools/compiler/bin/../lib/gcc/arm-none-eabi/5.2.1/armv7e-m/fpu/crtn.o
OUTPUT(EtherLED.elf elf32-littlearm)

.debug_line     0x0000000000000000     0xaea7
 .debug_line    0x0000000000000000       0xdb Application/SW4STM32/startup_stm32f401xe.o
 .debug_line    0x00000000000000db      0x866 Application/User/gpio.o
 .debug_line    0x0000000000000941      0xa19 Application/User/main.o
 .debug_line    0x000000000000135a      0x8a0 Application/User/spi.o
 .debug_line    0x0000000000001bfa      0x84d Application/User/stm32f4xx_hal_msp.o
 .debug_line    0x0000000000002447      0x853 Application/User/stm32f4xx_it.o
 .debug_line    0x0000000000002c9a      0x9b4 Application/User/tim.o
 .debug_line    0x000000000000364e      0x8a5 Drivers/CMSIS/system_stm32f4xx.o
 .debug_line    0x0000000000003ef3      0x9d5 Drivers/STM32F4xx_HAL_Driver/stm32f4xx_hal.o
 .debug_line    0x00000000000048c8      0xa49 Drivers/STM32F4xx_HAL_Driver/stm32f4xx_hal_cortex.o
 .debug_line    0x0000000000005311      0x9fe Drivers/STM32F4xx_HAL_Driver/stm32f4xx_hal_gpio.o
 .debug_line    0x0000000000005d0f      0xb56 Drivers/STM32F4xx_HAL_Driver/stm32f4xx_hal_rcc.o
 .debug_line    0x0000000000006865     0x100f Drivers/STM32F4xx_HAL_Driver/stm32f4xx_hal_spi.o
 .debug_line    0x0000000000007874     0x15fe Drivers/STM32F4xx_HAL_Driver/stm32f4xx_hal_tim.o
 .debug_line    0x0000000000008e72      0xc41 Drivers/STM32F4xx_HAL_Driver/stm32f4xx_hal_tim_ex.o
 .debug_line    0x0000000000009ab3      0x5f2 Drivers/ioLibrary_Driver/Ethernet/W5100/w5100.o
 .debug_line    0x000000000000a0a5      0x751 Drivers/ioLibrary_Driver/Ethernet/socket.o
 .debug_line    0x000000000000a7f6      0x6b1 Drivers/ioLibrary_Driver/Ethernet/wizchip_conf.o

.debug_info     0x0000000000000000     0xe47b
 .debug_info    0x0000000000000000       0xea Application/SW4STM32/startup_stm32f401xe.o
 .debug_info    0x00000000000000ea      0x4d0 Application/User/gpio.o
 .debug_info    0x00000000000005ba     0x124b Application/User/main.o
 .debug_info    0x0000000000001805      0x9ac Application/User/spi.o
 .debug_info    0x00000000000021b1      0x35e Application/User/stm32f4xx_hal_msp.o
 .debug_info    0x000000000000250f       0xeb Application/User/stm32f4xx_it.o
 .debug_info    0x00000000000025fa     0x1109 Application/User/tim.o
 .debug_info    0x0000000000003703      0x4da Drivers/CMSIS/system_stm32f4xx.o
 .debug_info    0x0000000000003bdd      0x86e Drivers/STM32F4xx_HAL_Driver/stm32f4xx_hal.o
 .debug_info    0x000000000000444b      0xdd4 Drivers/STM32F4xx_HAL_Driver/stm32f4xx_hal_cortex.o
 .debug_info    0x000000000000521f      0x74b Drivers/STM32F4xx_HAL_Driver/stm32f4xx_hal_gpio.o
 .debug_info    0x000000000000596a      0xcac Drivers/STM32F4xx_HAL_Driver/stm32f4xx_hal_rcc.o
 .debug_info    0x0000000000006616     0x1834 Drivers/STM32F4xx_HAL_Driver/stm32f4xx_hal_spi.o
 .debug_info    0x0000000000007e4a     0x2ea2 Drivers/STM32F4xx_HAL_Driver/stm32f4xx_hal_tim.o
 .debug_info    0x000000000000acec      0xf67 Drivers/STM32F4xx_HAL_Driver/stm32f4xx_hal_tim_ex.o
 .debug_info    0x000000000000bc53      0x98c Drivers/ioLibrary_Driver/Ethernet/W5100/w5100.o
 .debug_info    0x000000000000c5df     0x108a Drivers/ioLibrary_Driver/Ethernet/socket.o
 .debug_info    0x000000000000d669      0xe12 Drivers/ioLibrary_Driver/Ethernet/wizchip_conf.o

.debug_abbrev   0x0000000000000000     0x2505
 .debug_abbrev  0x0000000000000000       0x12 Application/SW4STM32/startup_stm32f401xe.o
 .debug_abbrev  0x0000000000000012      0x151 Application/User/gpio.o
 .debug_abbrev  0x0000000000000163      0x2af Application/User/main.o
 .debug_abbrev  0x0000000000000412      0x1c2 Application/User/spi.o
 .debug_abbrev  0x00000000000005d4       0xc5 Application/User/stm32f4xx_hal_msp.o
 .debug_abbrev  0x0000000000000699       0xa7 Application/User/stm32f4xx_it.o
 .debug_abbrev  0x0000000000000740      0x203 Application/User/tim.o
 .debug_abbrev  0x0000000000000943      0x104 Drivers/CMSIS/system_stm32f4xx.o
 .debug_abbrev  0x0000000000000a47      0x272 Drivers/STM32F4xx_HAL_Driver/stm32f4xx_hal.o
 .debug_abbrev  0x0000000000000cb9      0x332 Drivers/STM32F4xx_HAL_Driver/stm32f4xx_hal_cortex.o
 .debug_abbrev  0x0000000000000feb      0x1cb Drivers/STM32F4xx_HAL_Driver/stm32f4xx_hal_gpio.o
 .debug_abbrev  0x00000000000011b6      0x321 Drivers/STM32F4xx_HAL_Driver/stm32f4xx_hal_rcc.o
 .debug_abbrev  0x00000000000014d7      0x33a Drivers/STM32F4xx_HAL_Driver/stm32f4xx_hal_spi.o
 .debug_abbrev  0x0000000000001811      0x323 Drivers/STM32F4xx_HAL_Driver/stm32f4xx_hal_tim.o
 .debug_abbrev  0x0000000000001b34      0x282 Drivers/STM32F4xx_HAL_Driver/stm32f4xx_hal_tim_ex.o
 .debug_abbrev  0x0000000000001db6      0x252 Drivers/ioLibrary_Driver/Ethernet/W5100/w5100.o
 .debug_abbrev  0x0000000000002008      0x196 Drivers/ioLibrary_Driver/Ethernet/socket.o
 .debug_abbrev  0x000000000000219e      0x367 Drivers/ioLibrary_Driver/Ethernet/wizchip_conf.o

.debug_aranges  0x0000000000000000      0xa10
 .debug_aranges
                0x0000000000000000       0x28 Application/SW4STM32/startup_stm32f401xe.o
 .debug_aranges
                0x0000000000000028       0x20 Application/User/gpio.o
 .debug_aranges
                0x0000000000000048       0x50 Application/User/main.o
 .debug_aranges
                0x0000000000000098       0x30 Application/User/spi.o
 .debug_aranges
                0x00000000000000c8       0x20 Application/User/stm32f4xx_hal_msp.o
 .debug_aranges
                0x00000000000000e8       0x20 Application/User/stm32f4xx_it.o
 .debug_aranges
                0x0000000000000108       0x58 Application/User/tim.o
 .debug_aranges
                0x0000000000000160       0x28 Drivers/CMSIS/system_stm32f4xx.o
 .debug_aranges
                0x0000000000000188       0xb8 Drivers/STM32F4xx_HAL_Driver/stm32f4xx_hal.o
 .debug_aranges
                0x0000000000000240       0x98 Drivers/STM32F4xx_HAL_Driver/stm32f4xx_hal_cortex.o
 .debug_aranges
                0x00000000000002d8       0x58 Drivers/STM32F4xx_HAL_Driver/stm32f4xx_hal_gpio.o
 .debug_aranges
                0x0000000000000330       0x80 Drivers/STM32F4xx_HAL_Driver/stm32f4xx_hal_rcc.o
 .debug_aranges
                0x00000000000003b0      0x150 Drivers/STM32F4xx_HAL_Driver/stm32f4xx_hal_spi.o
 .debug_aranges
                0x0000000000000500      0x250 Drivers/STM32F4xx_HAL_Driver/stm32f4xx_hal_tim.o
 .debug_aranges
                0x0000000000000750       0xf0 Drivers/STM32F4xx_HAL_Driver/stm32f4xx_hal_tim_ex.o
 .debug_aranges
                0x0000000000000840       0x70 Drivers/ioLibrary_Driver/Ethernet/W5100/w5100.o
 .debug_aranges
                0x00000000000008b0       0x78 Drivers/ioLibrary_Driver/Ethernet/socket.o
 .debug_aranges
                0x0000000000000928       0xe8 Drivers/ioLibrary_Driver/Ethernet/wizchip_conf.o

.debug_ranges   0x0000000000000000      0xc80
 .debug_ranges  0x0000000000000000       0x20 Application/SW4STM32/startup_stm32f401xe.o
 .debug_ranges  0x0000000000000020       0x40 Application/User/gpio.o
 .debug_ranges  0x0000000000000060       0x78 Application/User/main.o
 .debug_ranges  0x00000000000000d8       0x40 Application/User/spi.o
 .debug_ranges  0x0000000000000118       0x10 Application/User/stm32f4xx_hal_msp.o
 .debug_ranges  0x0000000000000128       0x10 Application/User/stm32f4xx_it.o
 .debug_ranges  0x0000000000000138       0x48 Application/User/tim.o
 .debug_ranges  0x0000000000000180       0x18 Drivers/CMSIS/system_stm32f4xx.o
 .debug_ranges  0x0000000000000198       0xa8 Drivers/STM32F4xx_HAL_Driver/stm32f4xx_hal.o
 .debug_ranges  0x0000000000000240      0x148 Drivers/STM32F4xx_HAL_Driver/stm32f4xx_hal_cortex.o
 .debug_ranges  0x0000000000000388       0x70 Drivers/STM32F4xx_HAL_Driver/stm32f4xx_hal_gpio.o
 .debug_ranges  0x00000000000003f8      0x150 Drivers/STM32F4xx_HAL_Driver/stm32f4xx_hal_rcc.o
 .debug_ranges  0x0000000000000548      0x170 Drivers/STM32F4xx_HAL_Driver/stm32f4xx_hal_spi.o
 .debug_ranges  0x00000000000006b8      0x330 Drivers/STM32F4xx_HAL_Driver/stm32f4xx_hal_tim.o
 .debug_ranges  0x00000000000009e8       0xe0 Drivers/STM32F4xx_HAL_Driver/stm32f4xx_hal_tim_ex.o
 .debug_ranges  0x0000000000000ac8       0x60 Drivers/ioLibrary_Driver/Ethernet/W5100/w5100.o
 .debug_ranges  0x0000000000000b28       0x80 Drivers/ioLibrary_Driver/Ethernet/socket.o
 .debug_ranges  0x0000000000000ba8       0xd8 Drivers/ioLibrary_Driver/Ethernet/wizchip_conf.o

.debug_macro    0x0000000000000000    0x108df
 .debug_macro   0x0000000000000000      0x2e8 Application/User/gpio.o
 .debug_macro   0x00000000000002e8      0x89e Application/User/gpio.o
 .debug_macro   0x0000000000000b86       0x52 Application/User/gpio.o
 .debug_macro   0x0000000000000bd8      0x1b0 Application/User/gpio.o
 .debug_macro   0x0000000000000d88       0x31 Application/User/gpio.o
 .debug_macro   0x0000000000000db9       0x28 Application/User/gpio.o
 .debug_macro   0x0000000000000de1       0x22 Application/User/gpio.o
 .debug_macro   0x0000000000000e03       0x44 Application/User/gpio.o
 .debug_macro   0x0000000000000e47       0xfd Application/User/gpio.o
 .debug_macro   0x0000000000000f44       0x22 Application/User/gpio.o
 .debug_macro   0x0000000000000f66      0x1df Application/User/gpio.o
 .debug_macro   0x0000000000001145       0x35 Application/User/gpio.o
 .debug_macro   0x000000000000117a       0x50 Application/User/gpio.o
 .debug_macro   0x00000000000011ca      0xe66 Application/User/gpio.o
 .debug_macro   0x0000000000002030     0x5099 Application/User/gpio.o
 .debug_macro   0x00000000000070c9       0x43 Application/User/gpio.o
 .debug_macro   0x000000000000710c     0x347f Application/User/gpio.o
 .debug_macro   0x000000000000a58b       0x58 Application/User/gpio.o
 .debug_macro   0x000000000000a5e3       0x35 Application/User/gpio.o
 .debug_macro   0x000000000000a618       0x9c Application/User/gpio.o
 .debug_macro   0x000000000000a6b4       0x16 Application/User/gpio.o
 .debug_macro   0x000000000000a6ca       0x97 Application/User/gpio.o
 .debug_macro   0x000000000000a761      0x329 Application/User/gpio.o
 .debug_macro   0x000000000000aa8a       0xfd Application/User/gpio.o
 .debug_macro   0x000000000000ab87       0x10 Application/User/gpio.o
 .debug_macro   0x000000000000ab97       0x52 Application/User/gpio.o
 .debug_macro   0x000000000000abe9       0x16 Application/User/gpio.o
 .debug_macro   0x000000000000abff       0x43 Application/User/gpio.o
 .debug_macro   0x000000000000ac42      0x187 Application/User/gpio.o
 .debug_macro   0x000000000000adc9       0x10 Application/User/gpio.o
 .debug_macro   0x000000000000add9       0x22 Application/User/gpio.o
 .debug_macro   0x000000000000adfb       0x3a Application/User/gpio.o
 .debug_macro   0x000000000000ae35       0x10 Application/User/gpio.o
 .debug_macro   0x000000000000ae45       0x40 Application/User/gpio.o
 .debug_macro   0x000000000000ae85       0x65 Application/User/gpio.o
 .debug_macro   0x000000000000aeea       0x16 Application/User/gpio.o
 .debug_macro   0x000000000000af00      0x197 Application/User/gpio.o
 .debug_macro   0x000000000000b097       0x50 Application/User/gpio.o
 .debug_macro   0x000000000000b0e7      0x424 Application/User/gpio.o
 .debug_macro   0x000000000000b50b      0x9e1 Application/User/gpio.o
 .debug_macro   0x000000000000beec      0x11e Application/User/gpio.o
 .debug_macro   0x000000000000c00a       0xf8 Application/User/gpio.o
 .debug_macro   0x000000000000c102       0x27 Application/User/gpio.o
 .debug_macro   0x000000000000c129      0x287 Application/User/gpio.o
 .debug_macro   0x000000000000c3b0       0x5f Application/User/gpio.o
 .debug_macro   0x000000000000c40f      0x23a Application/User/gpio.o
 .debug_macro   0x000000000000c649      0x13a Application/User/gpio.o
 .debug_macro   0x000000000000c783      0x264 Application/User/gpio.o
 .debug_macro   0x000000000000c9e7       0x2e Application/User/gpio.o
 .debug_macro   0x000000000000ca15      0x11e Application/User/gpio.o
 .debug_macro   0x000000000000cb33       0x85 Application/User/gpio.o
 .debug_macro   0x000000000000cbb8       0x89 Application/User/gpio.o
 .debug_macro   0x000000000000cc41      0x202 Application/User/gpio.o
 .debug_macro   0x000000000000ce43      0x6d9 Application/User/gpio.o
 .debug_macro   0x000000000000d51c       0x5b Application/User/gpio.o
 .debug_macro   0x000000000000d577      0x14d Application/User/gpio.o
 .debug_macro   0x000000000000d6c4      0x11e Application/User/gpio.o
 .debug_macro   0x000000000000d7e2      0x395 Application/User/main.o
 .debug_macro   0x000000000000db77       0x46 Application/User/main.o
 .debug_macro   0x000000000000dbbd      0x50e Application/User/main.o
 .debug_macro   0x000000000000e0cb       0x66 Application/User/main.o
 .debug_macro   0x000000000000e131       0xbf Application/User/main.o
 .debug_macro   0x000000000000e1f0       0x16 Application/User/main.o
 .debug_macro   0x000000000000e206       0x35 Application/User/main.o
 .debug_macro   0x000000000000e23b      0x2f2 Application/User/spi.o
 .debug_macro   0x000000000000e52d      0x2de Application/User/stm32f4xx_hal_msp.o
 .debug_macro   0x000000000000e80b      0x2e8 Application/User/stm32f4xx_it.o
 .debug_macro   0x000000000000eaf3      0x2e8 Application/User/tim.o
 .debug_macro   0x000000000000eddb      0x2e4 Drivers/CMSIS/system_stm32f4xx.o
 .debug_macro   0x000000000000f0bf      0x32c Drivers/STM32F4xx_HAL_Driver/stm32f4xx_hal.o
 .debug_macro   0x000000000000f3eb      0x2de Drivers/STM32F4xx_HAL_Driver/stm32f4xx_hal_cortex.o
 .debug_macro   0x000000000000f6c9      0x316 Drivers/STM32F4xx_HAL_Driver/stm32f4xx_hal_gpio.o
 .debug_macro   0x000000000000f9df      0x308 Drivers/STM32F4xx_HAL_Driver/stm32f4xx_hal_rcc.o
 .debug_macro   0x000000000000fce7      0x2e6 Drivers/STM32F4xx_HAL_Driver/stm32f4xx_hal_spi.o
 .debug_macro   0x000000000000ffcd      0x2df Drivers/STM32F4xx_HAL_Driver/stm32f4xx_hal_tim.o
 .debug_macro   0x00000000000102ac      0x2de Drivers/STM32F4xx_HAL_Driver/stm32f4xx_hal_tim_ex.o
 .debug_macro   0x000000000001058a       0x75 Drivers/ioLibrary_Driver/Ethernet/W5100/w5100.o
 .debug_macro   0x00000000000105ff       0xa8 Drivers/ioLibrary_Driver/Ethernet/socket.o
 .debug_macro   0x00000000000106a7       0x40 Drivers/ioLibrary_Driver/Ethernet/socket.o
 .debug_macro   0x00000000000106e7       0x84 Drivers/ioLibrary_Driver/Ethernet/wizchip_conf.o
 .debug_macro   0x000000000001076b      0x174 Drivers/ioLibrary_Driver/Ethernet/wizchip_conf.o

.debug_str      0x0000000000000000    0x5b75d
 .debug_str     0x0000000000000000    0x55612 Application/User/gpio.o
                                      0x558b2 (size before relaxing)
 .debug_str     0x0000000000055612     0x33a9 Application/User/main.o
                                      0x58c63 (size before relaxing)
 .debug_str     0x00000000000589bb       0x83 Application/User/spi.o
                                      0x55d1e (size before relaxing)
 .debug_str     0x0000000000058a3e       0x71 Application/User/stm32f4xx_hal_msp.o
                                      0x55a8e (size before relaxing)
 .debug_str     0x0000000000058aaf       0x88 Application/User/stm32f4xx_it.o
                                      0x556f0 (size before relaxing)
 .debug_str     0x0000000000058b37      0x3d2 Application/User/tim.o
                                      0x55f15 (size before relaxing)
 .debug_str     0x0000000000058f09      0x12b Drivers/CMSIS/system_stm32f4xx.o
                                      0x558d5 (size before relaxing)
 .debug_str     0x0000000000059034      0x4a7 Drivers/STM32F4xx_HAL_Driver/stm32f4xx_hal.o
                                      0x56135 (size before relaxing)
 .debug_str     0x00000000000594db      0x340 Drivers/STM32F4xx_HAL_Driver/stm32f4xx_hal_cortex.o
                                      0x55f8e (size before relaxing)
 .debug_str     0x000000000005981b      0x269 Drivers/STM32F4xx_HAL_Driver/stm32f4xx_hal_gpio.o
                                      0x55b2c (size before relaxing)
 .debug_str     0x0000000000059a84      0x24b Drivers/STM32F4xx_HAL_Driver/stm32f4xx_hal_rcc.o
                                      0x55cbb (size before relaxing)
 .debug_str     0x0000000000059ccf      0x402 Drivers/STM32F4xx_HAL_Driver/stm32f4xx_hal_spi.o
                                      0x55f5c (size before relaxing)
 .debug_str     0x000000000005a0d1      0xa28 Drivers/STM32F4xx_HAL_Driver/stm32f4xx_hal_tim.o
                                      0x56628 (size before relaxing)
 .debug_str     0x000000000005aaf9      0x330 Drivers/STM32F4xx_HAL_Driver/stm32f4xx_hal_tim_ex.o
                                      0x56077 (size before relaxing)
 .debug_str     0x000000000005ae29      0x194 Drivers/ioLibrary_Driver/Ethernet/W5100/w5100.o
                                       0x560f (size before relaxing)
 .debug_str     0x000000000005afbd      0x30c Drivers/ioLibrary_Driver/Ethernet/socket.o
                                       0x5bbe (size before relaxing)
 .debug_str     0x000000000005b2c9      0x494 Drivers/ioLibrary_Driver/Ethernet/wizchip_conf.o
                                       0x5dbb (size before relaxing)

.comment        0x0000000000000000       0x6e
 .comment       0x0000000000000000       0x6e Application/User/gpio.o
                                         0x6f (size before relaxing)
 .comment       0x000000000000006e       0x6f Application/User/main.o
 .comment       0x000000000000006e       0x6f Application/User/spi.o
 .comment       0x000000000000006e       0x6f Application/User/stm32f4xx_hal_msp.o
 .comment       0x000000000000006e       0x6f Application/User/stm32f4xx_it.o
 .comment       0x000000000000006e       0x6f Application/User/tim.o
 .comment       0x000000000000006e       0x6f Drivers/CMSIS/system_stm32f4xx.o
 .comment       0x000000000000006e       0x6f Drivers/STM32F4xx_HAL_Driver/stm32f4xx_hal.o
 .comment       0x000000000000006e       0x6f Drivers/STM32F4xx_HAL_Driver/stm32f4xx_hal_cortex.o
 .comment       0x000000000000006e       0x6f Drivers/STM32F4xx_HAL_Driver/stm32f4xx_hal_gpio.o
 .comment       0x000000000000006e       0x6f Drivers/STM32F4xx_HAL_Driver/stm32f4xx_hal_rcc.o
 .comment       0x000000000000006e       0x6f Drivers/STM32F4xx_HAL_Driver/stm32f4xx_hal_spi.o
 .comment       0x000000000000006e       0x6f Drivers/STM32F4xx_HAL_Driver/stm32f4xx_hal_tim.o
 .comment       0x000000000000006e       0x6f Drivers/STM32F4xx_HAL_Driver/stm32f4xx_hal_tim_ex.o
 .comment       0x000000000000006e       0x6f Drivers/ioLibrary_Driver/Ethernet/W5100/w5100.o
 .comment       0x000000000000006e       0x6f Drivers/ioLibrary_Driver/Ethernet/socket.o
 .comment       0x000000000000006e       0x6f Drivers/ioLibrary_Driver/Ethernet/wizchip_conf.o

.debug_frame    0x0000000000000000     0x220c
 .debug_frame   0x0000000000000000       0x34 Application/User/gpio.o
 .debug_frame   0x0000000000000034       0xa8 Application/User/main.o
 .debug_frame   0x00000000000000dc       0x60 Application/User/spi.o
 .debug_frame   0x000000000000013c       0x2c Application/User/stm32f4xx_hal_msp.o
 .debug_frame   0x0000000000000168       0x2c Application/User/stm32f4xx_it.o
 .debug_frame   0x0000000000000194       0xfc Application/User/tim.o
 .debug_frame   0x0000000000000290       0x30 Drivers/CMSIS/system_stm32f4xx.o
 .debug_frame   0x00000000000002c0      0x184 Drivers/STM32F4xx_HAL_Driver/stm32f4xx_hal.o
 .debug_frame   0x0000000000000444      0x130 Drivers/STM32F4xx_HAL_Driver/stm32f4xx_hal_cortex.o
 .debug_frame   0x0000000000000574       0xd4 Drivers/STM32F4xx_HAL_Driver/stm32f4xx_hal_gpio.o
 .debug_frame   0x0000000000000648      0x138 Drivers/STM32F4xx_HAL_Driver/stm32f4xx_hal_rcc.o
 .debug_frame   0x0000000000000780      0x490 Drivers/STM32F4xx_HAL_Driver/stm32f4xx_hal_spi.o
 .debug_frame   0x0000000000000c10      0x854 Drivers/STM32F4xx_HAL_Driver/stm32f4xx_hal_tim.o
 .debug_frame   0x0000000000001464      0x334 Drivers/STM32F4xx_HAL_Driver/stm32f4xx_hal_tim_ex.o
 .debug_frame   0x0000000000001798      0x1d0 Drivers/ioLibrary_Driver/Ethernet/W5100/w5100.o
 .debug_frame   0x0000000000001968      0x1ac Drivers/ioLibrary_Driver/Ethernet/socket.o
 .debug_frame   0x0000000000001b14      0x284 Drivers/ioLibrary_Driver/Ethernet/wizchip_conf.o
 .debug_frame   0x0000000000001d98       0x2c /Applications/Ac6/SystemWorkbench.app/Contents/Eclipse/plugins/fr.ac6.mcu.externaltools.arm-none.macos64_1.6.0.201601291255/tools/compiler/bin/../lib/gcc/arm-none-eabi/5.2.1/../../../../arm-none-eabi/lib/armv7e-m/fpu/libc_nano.a(lib_a-init.o)
 .debug_frame   0x0000000000001dc4       0x28 /Applications/Ac6/SystemWorkbench.app/Contents/Eclipse/plugins/fr.ac6.mcu.externaltools.arm-none.macos64_1.6.0.201601291255/tools/compiler/bin/../lib/gcc/arm-none-eabi/5.2.1/../../../../arm-none-eabi/lib/armv7e-m/fpu/libc_nano.a(lib_a-memcpy-stub.o)
 .debug_frame   0x0000000000001dec       0x20 /Applications/Ac6/SystemWorkbench.app/Contents/Eclipse/plugins/fr.ac6.mcu.externaltools.arm-none.macos64_1.6.0.201601291255/tools/compiler/bin/../lib/gcc/arm-none-eabi/5.2.1/../../../../arm-none-eabi/lib/armv7e-m/fpu/libc_nano.a(lib_a-memset.o)
 .debug_frame   0x0000000000001e0c       0x2c /Applications/Ac6/SystemWorkbench.app/Contents/Eclipse/plugins/fr.ac6.mcu.externaltools.arm-none.macos64_1.6.0.201601291255/tools/compiler/bin/../lib/gcc/arm-none-eabi/5.2.1/../../../../arm-none-eabi/lib/armv7e-m/fpu/libc_nano.a(lib_a-nano-freer.o)
 .debug_frame   0x0000000000001e38       0x2c /Applications/Ac6/SystemWorkbench.app/Contents/Eclipse/plugins/fr.ac6.mcu.externaltools.arm-none.macos64_1.6.0.201601291255/tools/compiler/bin/../lib/gcc/arm-none-eabi/5.2.1/../../../../arm-none-eabi/lib/armv7e-m/fpu/libc_nano.a(lib_a-nano-mallocr.o)
 .debug_frame   0x0000000000001e64       0x2c /Applications/Ac6/SystemWorkbench.app/Contents/Eclipse/plugins/fr.ac6.mcu.externaltools.arm-none.macos64_1.6.0.201601291255/tools/compiler/bin/../lib/gcc/arm-none-eabi/5.2.1/../../../../arm-none-eabi/lib/armv7e-m/fpu/libc_nano.a(lib_a-sbrkr.o)
 .debug_frame   0x0000000000001e90       0x70 /Applications/Ac6/SystemWorkbench.app/Contents/Eclipse/plugins/fr.ac6.mcu.externaltools.arm-none.macos64_1.6.0.201601291255/tools/compiler/bin/../lib/gcc/arm-none-eabi/5.2.1/../../../../arm-none-eabi/lib/armv7e-m/fpu/libc_nano.a(lib_a-sprintf.o)
 .debug_frame   0x0000000000001f00      0x11c /Applications/Ac6/SystemWorkbench.app/Contents/Eclipse/plugins/fr.ac6.mcu.externaltools.arm-none.macos64_1.6.0.201601291255/tools/compiler/bin/../lib/gcc/arm-none-eabi/5.2.1/../../../../arm-none-eabi/lib/armv7e-m/fpu/libc_nano.a(lib_a-findfp.o)
 .debug_frame   0x000000000000201c       0x90 /Applications/Ac6/SystemWorkbench.app/Contents/Eclipse/plugins/fr.ac6.mcu.externaltools.arm-none.macos64_1.6.0.201601291255/tools/compiler/bin/../lib/gcc/arm-none-eabi/5.2.1/../../../../arm-none-eabi/lib/armv7e-m/fpu/libc_nano.a(lib_a-nano-svfprintf.o)
 .debug_frame   0x00000000000020ac       0x60 /Applications/Ac6/SystemWorkbench.app/Contents/Eclipse/plugins/fr.ac6.mcu.externaltools.arm-none.macos64_1.6.0.201601291255/tools/compiler/bin/../lib/gcc/arm-none-eabi/5.2.1/../../../../arm-none-eabi/lib/armv7e-m/fpu/libc_nano.a(lib_a-nano-vfprintf_i.o)
 .debug_frame   0x000000000000210c       0x5c /Applications/Ac6/SystemWorkbench.app/Contents/Eclipse/plugins/fr.ac6.mcu.externaltools.arm-none.macos64_1.6.0.201601291255/tools/compiler/bin/../lib/gcc/arm-none-eabi/5.2.1/../../../../arm-none-eabi/lib/armv7e-m/fpu/libc_nano.a(lib_a-reent.o)
 .debug_frame   0x0000000000002168       0x28 /Applications/Ac6/SystemWorkbench.app/Contents/Eclipse/plugins/fr.ac6.mcu.externaltools.arm-none.macos64_1.6.0.201601291255/tools/compiler/bin/../lib/gcc/arm-none-eabi/5.2.1/../../../../arm-none-eabi/lib/armv7e-m/fpu/libc_nano.a(lib_a-memmove.o)
 .debug_frame   0x0000000000002190       0x3c /Applications/Ac6/SystemWorkbench.app/Contents/Eclipse/plugins/fr.ac6.mcu.externaltools.arm-none.macos64_1.6.0.201601291255/tools/compiler/bin/../lib/gcc/arm-none-eabi/5.2.1/../../../../arm-none-eabi/lib/armv7e-m/fpu/libc_nano.a(lib_a-nano-reallocr.o)
 .debug_frame   0x00000000000021cc       0x20 /Applications/Ac6/SystemWorkbench.app/Contents/Eclipse/plugins/fr.ac6.mcu.externaltools.arm-none.macos64_1.6.0.201601291255/tools/compiler/bin/../lib/gcc/arm-none-eabi/5.2.1/../../../../arm-none-eabi/lib/armv7e-m/fpu/libc_nano.a(lib_a-nano-msizer.o)
 .debug_frame   0x00000000000021ec       0x20 /Applications/Ac6/SystemWorkbench.app/Contents/Eclipse/plugins/fr.ac6.mcu.externaltools.arm-none.macos64_1.6.0.201601291255/tools/compiler/bin/../lib/gcc/arm-none-eabi/5.2.1/../../../../arm-none-eabi/lib/armv7e-m/fpu/libnosys.a(sbrk.o)

.debug_loc      0x0000000000000000     0x7dad
 .debug_loc     0x0000000000000000       0xb5 Application/User/main.o
 .debug_loc     0x00000000000000b5       0x4d Application/User/spi.o
 .debug_loc     0x0000000000000102       0x6c Application/User/tim.o
 .debug_loc     0x000000000000016e       0xd7 Drivers/CMSIS/system_stm32f4xx.o
 .debug_loc     0x0000000000000245       0x92 Drivers/STM32F4xx_HAL_Driver/stm32f4xx_hal.o
 .debug_loc     0x00000000000002d7      0x4ab Drivers/STM32F4xx_HAL_Driver/stm32f4xx_hal_cortex.o
 .debug_loc     0x0000000000000782      0x370 Drivers/STM32F4xx_HAL_Driver/stm32f4xx_hal_gpio.o
 .debug_loc     0x0000000000000af2      0x49b Drivers/STM32F4xx_HAL_Driver/stm32f4xx_hal_rcc.o
 .debug_loc     0x0000000000000f8d     0x1725 Drivers/STM32F4xx_HAL_Driver/stm32f4xx_hal_spi.o
 .debug_loc     0x00000000000026b2     0x30f6 Drivers/STM32F4xx_HAL_Driver/stm32f4xx_hal_tim.o
 .debug_loc     0x00000000000057a8      0x7b9 Drivers/STM32F4xx_HAL_Driver/stm32f4xx_hal_tim_ex.o
 .debug_loc     0x0000000000005f61      0x63d Drivers/ioLibrary_Driver/Ethernet/W5100/w5100.o
 .debug_loc     0x000000000000659e      0xfe4 Drivers/ioLibrary_Driver/Ethernet/socket.o
 .debug_loc     0x0000000000007582      0x82b Drivers/ioLibrary_Driver/Ethernet/wizchip_conf.o

.stabstr        0x0000000000000000      0x14d
 .stabstr       0x0000000000000000      0x14d /Applications/Ac6/SystemWorkbench.app/Contents/Eclipse/plugins/fr.ac6.mcu.externaltools.arm-none.macos64_1.6.0.201601291255/tools/compiler/bin/../lib/gcc/arm-none-eabi/5.2.1/../../../../arm-none-eabi/lib/armv7e-m/fpu/libnosys.a(close.o)
