Archive member included to satisfy reference by file (symbol)

/Applications/Ac6/SystemWorkbench.app/Contents/Eclipse/plugins/fr.ac6.mcu.externaltools.arm-none.macos64_1.13.0.201701261202/tools/compiler/bin/../lib/gcc/arm-none-eabi/5.4.1/armv7e-m/fpu/libgcc.a(_aeabi_uldivmod.o)
                              Drivers/ioLibrary_Driver/Internet/SNTP/sntp.o (__aeabi_uldivmod)
/Applications/Ac6/SystemWorkbench.app/Contents/Eclipse/plugins/fr.ac6.mcu.externaltools.arm-none.macos64_1.13.0.201701261202/tools/compiler/bin/../lib/gcc/arm-none-eabi/5.4.1/armv7e-m/fpu/libgcc.a(_udivmoddi4.o)
                              /Applications/Ac6/SystemWorkbench.app/Contents/Eclipse/plugins/fr.ac6.mcu.externaltools.arm-none.macos64_1.13.0.201701261202/tools/compiler/bin/../lib/gcc/arm-none-eabi/5.4.1/armv7e-m/fpu/libgcc.a(_aeabi_uldivmod.o) (__udivmoddi4)
/Applications/Ac6/SystemWorkbench.app/Contents/Eclipse/plugins/fr.ac6.mcu.externaltools.arm-none.macos64_1.13.0.201701261202/tools/compiler/bin/../lib/gcc/arm-none-eabi/5.4.1/armv7e-m/fpu/libgcc.a(_dvmd_tls.o)
                              /Applications/Ac6/SystemWorkbench.app/Contents/Eclipse/plugins/fr.ac6.mcu.externaltools.arm-none.macos64_1.13.0.201701261202/tools/compiler/bin/../lib/gcc/arm-none-eabi/5.4.1/armv7e-m/fpu/libgcc.a(_aeabi_uldivmod.o) (__aeabi_ldiv0)
/Applications/Ac6/SystemWorkbench.app/Contents/Eclipse/plugins/fr.ac6.mcu.externaltools.arm-none.macos64_1.13.0.201701261202/tools/compiler/bin/../lib/gcc/arm-none-eabi/5.4.1/../../../../arm-none-eabi/lib/armv7e-m/fpu/libc_nano.a(lib_a-exit.o)
                              /Applications/Ac6/SystemWorkbench.app/Contents/Eclipse/plugins/fr.ac6.mcu.externaltools.arm-none.macos64_1.13.0.201701261202/tools/compiler/bin/../lib/gcc/arm-none-eabi/5.4.1/../../../../arm-none-eabi/lib/armv7e-m/fpu/crt0.o (exit)
/Applications/Ac6/SystemWorkbench.app/Contents/Eclipse/plugins/fr.ac6.mcu.externaltools.arm-none.macos64_1.13.0.201701261202/tools/compiler/bin/../lib/gcc/arm-none-eabi/5.4.1/../../../../arm-none-eabi/lib/armv7e-m/fpu/libc_nano.a(lib_a-impure.o)
                              /Applications/Ac6/SystemWorkbench.app/Contents/Eclipse/plugins/fr.ac6.mcu.externaltools.arm-none.macos64_1.13.0.201701261202/tools/compiler/bin/../lib/gcc/arm-none-eabi/5.4.1/../../../../arm-none-eabi/lib/armv7e-m/fpu/libc_nano.a(lib_a-exit.o) (_global_impure_ptr)
/Applications/Ac6/SystemWorkbench.app/Contents/Eclipse/plugins/fr.ac6.mcu.externaltools.arm-none.macos64_1.13.0.201701261202/tools/compiler/bin/../lib/gcc/arm-none-eabi/5.4.1/../../../../arm-none-eabi/lib/armv7e-m/fpu/libc_nano.a(lib_a-init.o)
                              /Applications/Ac6/SystemWorkbench.app/Contents/Eclipse/plugins/fr.ac6.mcu.externaltools.arm-none.macos64_1.13.0.201701261202/tools/compiler/bin/../lib/gcc/arm-none-eabi/5.4.1/../../../../arm-none-eabi/lib/armv7e-m/fpu/crt0.o (__libc_init_array)
/Applications/Ac6/SystemWorkbench.app/Contents/Eclipse/plugins/fr.ac6.mcu.externaltools.arm-none.macos64_1.13.0.201701261202/tools/compiler/bin/../lib/gcc/arm-none-eabi/5.4.1/../../../../arm-none-eabi/lib/armv7e-m/fpu/libc_nano.a(lib_a-locale.o)
                              Drivers/ioLibrary_Driver/Internet/SNMP/snmp.o (__locale_ctype_ptr)
/Applications/Ac6/SystemWorkbench.app/Contents/Eclipse/plugins/fr.ac6.mcu.externaltools.arm-none.macos64_1.13.0.201701261202/tools/compiler/bin/../lib/gcc/arm-none-eabi/5.4.1/../../../../arm-none-eabi/lib/armv7e-m/fpu/libc_nano.a(lib_a-malloc.o)
                              Drivers/ioLibrary_Driver/Internet/httpServer/httpServer.o (malloc)
/Applications/Ac6/SystemWorkbench.app/Contents/Eclipse/plugins/fr.ac6.mcu.externaltools.arm-none.macos64_1.13.0.201701261202/tools/compiler/bin/../lib/gcc/arm-none-eabi/5.4.1/../../../../arm-none-eabi/lib/armv7e-m/fpu/libc_nano.a(lib_a-mbtowc_r.o)
                              /Applications/Ac6/SystemWorkbench.app/Contents/Eclipse/plugins/fr.ac6.mcu.externaltools.arm-none.macos64_1.13.0.201701261202/tools/compiler/bin/../lib/gcc/arm-none-eabi/5.4.1/../../../../arm-none-eabi/lib/armv7e-m/fpu/libc_nano.a(lib_a-locale.o) (__ascii_mbtowc)
/Applications/Ac6/SystemWorkbench.app/Contents/Eclipse/plugins/fr.ac6.mcu.externaltools.arm-none.macos64_1.13.0.201701261202/tools/compiler/bin/../lib/gcc/arm-none-eabi/5.4.1/../../../../arm-none-eabi/lib/armv7e-m/fpu/libc_nano.a(lib_a-memcmp.o)
                              Drivers/ioLibrary_Driver/Internet/SNMP/snmp.o (memcmp)
/Applications/Ac6/SystemWorkbench.app/Contents/Eclipse/plugins/fr.ac6.mcu.externaltools.arm-none.macos64_1.13.0.201701261202/tools/compiler/bin/../lib/gcc/arm-none-eabi/5.4.1/../../../../arm-none-eabi/lib/armv7e-m/fpu/libc_nano.a(lib_a-memcpy-stub.o)
                              Application/User/main.o (memcpy)
[...]
Memory Configuration

Name             Origin             Length             Attributes
FLASH            0x0000000008000000 0x0000000000080000 xr
RAM              0x0000000020000000 0x0000000000018000 xrw
*default*        0x0000000000000000 0xffffffffffffffff

Linker script and memory map

LOAD /Applications/Ac6/SystemWorkbench.app/Contents/Eclipse/plugins/fr.ac6.mcu.externaltools.arm-none.macos64_1.13.0.201701261202/tools/compiler/bin/../lib/gcc/arm-none-eabi/5.4.1/armv7e-m/fpu/crti.o
LOAD /Applications/Ac6/SystemWorkbench.app/Contents/Eclipse/plugins/fr.ac6.mcu.externaltools.arm-none.macos64_1.13.0.201701261202/tools/compiler/bin/../lib/gcc/arm-none-eabi/5.4.1/armv7e-m/fpu/crtbegin.o
LOAD /Applications/Ac6/SystemWorkbench.app/Contents/Eclipse/plugins/fr.ac6.mcu.externaltools.arm-none.macos64_1.13.0.201701261202/tools/compiler/bin/../lib/gcc/arm-none-eabi/5.4.1/../../../../arm-none-eabi/lib/armv7e-m/fpu/crt0.o
LOAD /Applications/Ac6/SystemWorkbench.app/Contents/Eclipse/plugins/fr.ac6.mcu.externaltools.arm-none.macos64_1.13.0.201701261202/tools/compiler/bin/../lib/gcc/arm-none-eabi/5.4.1/../../../../arm-none-eabi/lib/armv7e-m/fpu/libm.a
LOAD Application/SW4STM32/startup_stm32f401xe.o
LOAD Application/User/gpio.o
LOAD Application/User/main.o
LOAD Application/User/spi.o
LOAD Application/User/stm32f4xx_hal_msp.o
LOAD Application/User/stm32f4xx_it.o
LOAD Application/User/tim.o
LOAD Drivers/CMSIS/system_stm32f4xx.o
LOAD Drivers/STM32F4xx_HAL_Driver/stm32f4xx_hal.o
LOAD Drivers/STM32F4xx_HAL_Driver/stm32f4xx_hal_cortex.o
LOAD Drivers/STM32F4xx_HAL_Driver/stm32f4xx_hal_dma.o
LOAD Drivers/STM32F4xx_HAL_Driver/stm32f4xx_hal_dma_ex.o
LOAD Drivers/STM32F4xx_HAL_Driver/stm32f4xx_hal_flash.o
LOAD Drivers/STM32F4xx_HAL_Driver/stm32f4xx_hal_flash_ex.o
LOAD Drivers/STM32F4xx_HAL_Driver/stm32f4xx_hal_flash_ramfunc.o
LOAD Drivers/STM32F4xx_HAL_Driver/stm32f4xx_hal_gpio.o
LOAD Drivers/STM32F4xx_HAL_Driver/stm32f4xx_hal_pwr.o
LOAD Drivers/STM32F4xx_HAL_Driver/stm32f4xx_hal_pwr_ex.o
LOAD Drivers/STM32F4xx_HAL_Driver/stm32f4xx_hal_rcc.o
LOAD Drivers/STM32F4xx_HAL_Driver/stm32f4xx_hal_rcc_ex.o
LOAD Drivers/STM32F4xx_HAL_Driver/stm32f4xx_hal_spi.o
LOAD Drivers/STM32F4xx_HAL_Driver/stm32f4xx_hal_tim.o
LOAD Drivers/STM32F4xx_HAL_Driver/stm32f4xx_hal_tim_ex.o
LOAD Drivers/ioLibrary_Driver/Application/loopback/loopback.o
LOAD Drivers/ioLibrary_Driver/Ethernet/W5100/w5100.o
LOAD Drivers/ioLibrary_Driver/Ethernet/socket.o
LOAD Drivers/ioLibrary_Driver/Ethernet/wizchip_conf.o
LOAD Drivers/ioLibrary_Driver/Internet/DHCP/dhcp.o
LOAD Drivers/ioLibrary_Driver/Internet/DNS/dns.o
LOAD Drivers/ioLibrary_Driver/Internet/SNMP/snmp.o
LOAD Drivers/ioLibrary_Driver/Internet/SNMP/snmp_custom.o
LOAD Drivers/ioLibrary_Driver/Internet/SNTP/sntp.o
LOAD Drivers/ioLibrary_Driver/Internet/TFTP/netutil.o
LOAD Drivers/ioLibrary_Driver/Internet/TFTP/tftp.o
LOAD Drivers/ioLibrary_Driver/Internet/httpServer/httpParser.o
LOAD Drivers/ioLibrary_Driver/Internet/httpServer/httpServer.o
LOAD Drivers/ioLibrary_Driver/Internet/httpServer/httpUtil.o
START GROUP
LOAD /Applications/Ac6/SystemWorkbench.app/Contents/Eclipse/plugins/fr.ac6.mcu.externaltools.arm-none.macos64_1.13.0.201701261202/tools/compiler/bin/../lib/gcc/arm-none-eabi/5.4.1/armv7e-m/fpu/libgcc.a
LOAD /Applications/Ac6/SystemWorkbench.app/Contents/Eclipse/plugins/fr.ac6.mcu.externaltools.arm-none.macos64_1.13.0.201701261202/tools/compiler/bin/../lib/gcc/arm-none-eabi/5.4.1/../../../../arm-none-eabi/lib/armv7e-m/fpu/libc_nano.a
END GROUP
START GROUP
LOAD /Applications/Ac6/SystemWorkbench.app/Contents/Eclipse/plugins/fr.ac6.mcu.externaltools.arm-none.macos64_1.13.0.201701261202/tools/compiler/bin/../lib/gcc/arm-none-eabi/5.4.1/armv7e-m/fpu/libgcc.a
LOAD /Applications/Ac6/SystemWorkbench.app/Contents/Eclipse/plugins/fr.ac6.mcu.externaltools.arm-none.macos64_1.13.0.201701261202/tools/compiler/bin/../lib/gcc/arm-none-eabi/5.4.1/../../../../arm-none-eabi/lib/armv7e-m/fpu/libc_nano.a
LOAD /Applications/Ac6/SystemWorkbench.app/Contents/Eclipse/plugins/fr.ac6.mcu.externaltools.arm-none.macos64_1.13.0.201701261202/tools/compiler/bin/../lib/gcc/arm-none-eabi/5.4.1/../../../../arm-none-eabi/lib/armv7e-m/fpu/libnosys.a
END GROUP
START GROUP
LOAD /Applications/Ac6/SystemWorkbench.app/Contents/Eclipse/plugins/fr.ac6.mcu.externaltools.arm-none.macos64_1.13.0.201701261202/tools/compiler/bin/../lib/gcc/arm-none-eabi/5.4.1/armv7e-m/fpu/libgcc.a
LOAD /Applications/Ac6/SystemWorkbench.app/Contents/Eclipse/plugins/fr.ac6.mcu.externaltools.arm-none.macos64_1.13.0.201701261202/tools/compiler/bin/../lib/gcc/arm-none-eabi/5.4.1/../../../../arm-none-eabi/lib/armv7e-m/fpu/libc_nano.a
LOAD /Applications/Ac6/SystemWorkbench.app/Contents/Eclipse/plugins/fr.ac6.mcu.externaltools.arm-none.macos64_1.13.0.201701261202/tools/compiler/bin/../lib/gcc/arm-none-eabi/5.4.1/../../../../arm-none-eabi/lib/armv7e-m/fpu/libnosys.a
END GROUP
LOAD /Applications/Ac6/SystemWorkbench.app/Contents/Eclipse/plugins/fr.ac6.mcu.externaltools.arm-none.macos64_1.13.0.201701261202/tools/compiler/bin/../lib/gcc/arm-none-eabi/5.4.1/armv7e-m/fpu/crtend.o
LOAD /Applications/Ac6/SystemWorkbench.app/Contents/Eclipse/plugins/fr.ac6.mcu.externaltools.arm-none.macos64_1.13.0.201701261202/tools/compiler/bin/../lib/gcc/arm-none-eabi/5.4.1/armv7e-m/fpu/crtn.o
                0x0000000020018000                _estack = 0x20018000
                0x0000000000000200                _Min_Heap_Size = 0x200
                0x0000000000000400                _Min_Stack_Size = 0x400

.isr_vector     0x0000000008000000      0x194
                0x0000000008000000                . = ALIGN (0x4)
 *(.isr_vector)
 .isr_vector    0x0000000008000000      0x194 Application/SW4STM32/startup_stm32f401xe.o
                0x0000000008000000                g_pfnVectors
                0x0000000008000194                . = ALIGN (0x4)

.text           0x0000000008000194     0x2a44
                0x0000000008000194                . = ALIGN (0x4)
 *(.text)
 .text          0x0000000008000194       0x5c /Applications/Ac6/SystemWorkbench.app/Contents/Eclipse/plugins/fr.ac6.mcu.externaltools.arm-none.macos64_1.13.0.201701261202/tools/compiler/bin/../lib/gcc/arm-none-eabi/5.4.1/armv7e-m/fpu/crtbegin.o
 *(.text*)
 .text.Reset_Handler
                0x00000000080001f0       0x50 Application/SW4STM32/startup_stm32f401xe.o
                0x00000000080001f0                Reset_Handler
 .text.Default_Handler
                0x0000000008000240        0x2 Application/SW4STM32/startup_stm32f401xe.o
                0x0000000008000240                DMA1_Stream3_IRQHandler
                0x0000000008000240                EXTI2_IRQHandler
                0x0000000008000240                DebugMon_Handler
                0x0000000008000240                SPI4_IRQHandler
                0x0000000008000240                TIM1_CC_IRQHandler
                0x0000000008000240                DMA2_Stream5_IRQHandler
                0x0000000008000240                HardFault_Handler
                0x0000000008000240                DMA1_Stream5_IRQHandler
                0x0000000008000240                PVD_IRQHandler
                0x0000000008000240                SDIO_IRQHandler
                0x0000000008000240                TAMP_STAMP_IRQHandler
                0x0000000008000240                PendSV_Handler
                0x0000000008000240                NMI_Handler
                0x0000000008000240                EXTI3_IRQHandler
                0x0000000008000240                TIM1_UP_TIM10_IRQHandler
                0x0000000008000240                I2C3_ER_IRQHandler
                0x0000000008000240                EXTI0_IRQHandler
                0x0000000008000240                I2C2_EV_IRQHandler
                0x0000000008000240                DMA1_Stream2_IRQHandler
                0x0000000008000240                FPU_IRQHandler
                0x0000000008000240                UsageFault_Handler
                0x0000000008000240                DMA2_Stream2_IRQHandler
                0x0000000008000240                SPI1_IRQHandler
                0x0000000008000240                TIM1_BRK_TIM9_IRQHandler
                0x0000000008000240                DMA2_Stream3_IRQHandler
                0x0000000008000240                USART6_IRQHandler
                0x0000000008000240                DMA2_Stream0_IRQHandler
                0x0000000008000240                TIM4_IRQHandler
                0x0000000008000240                I2C1_EV_IRQHandler
                0x0000000008000240                DMA1_Stream6_IRQHandler
                0x0000000008000240                DMA1_Stream1_IRQHandler
                0x0000000008000240                TIM3_IRQHandler
                0x0000000008000240                RCC_IRQHandler
                0x0000000008000240                Default_Handler
                0x0000000008000240                EXTI15_10_IRQHandler
                0x0000000008000240                ADC_IRQHandler
                0x0000000008000240                DMA1_Stream7_IRQHandler
                0x0000000008000240                TIM5_IRQHandler
                0x0000000008000240                DMA2_Stream7_IRQHandler
                0x0000000008000240                I2C3_EV_IRQHandler
                0x0000000008000240                EXTI9_5_IRQHandler
                0x0000000008000240                RTC_WKUP_IRQHandler
                0x0000000008000240                SPI2_IRQHandler
                0x0000000008000240                MemManage_Handler
                0x0000000008000240                DMA1_Stream0_IRQHandler
                0x0000000008000240                SVC_Handler
                0x0000000008000240                EXTI4_IRQHandler
                0x0000000008000240                WWDG_IRQHandler
                0x0000000008000240                TIM2_IRQHandler
                0x0000000008000240                OTG_FS_WKUP_IRQHandler
                0x0000000008000240                TIM1_TRG_COM_TIM11_IRQHandler
                0x0000000008000240                EXTI1_IRQHandler
                0x0000000008000240                USART2_IRQHandler
                0x0000000008000240                I2C2_ER_IRQHandler
                0x0000000008000240                DMA2_Stream1_IRQHandler
                0x0000000008000240                FLASH_IRQHandler
                0x0000000008000240                DMA2_Stream4_IRQHandler
                0x0000000008000240                BusFault_Handler
                0x0000000008000240                USART1_IRQHandler
                0x0000000008000240                OTG_FS_IRQHandler
                0x0000000008000240                SPI3_IRQHandler
                0x0000000008000240                DMA1_Stream4_IRQHandler
                0x0000000008000240                I2C1_ER_IRQHandler
                0x0000000008000240                DMA2_Stream6_IRQHandler
                0x0000000008000240                RTC_Alarm_IRQHandler
 *fill*         0x0000000008000242        0x2 
 .text.MX_GPIO_Init
                0x0000000008000244       0xc8 Application/User/gpio.o
                0x0000000008000244                MX_GPIO_Init
 .text.cs_sel   0x000000000800030c       0x10 Application/User/main.o
                0x000000000800030c                cs_sel
 .text.cs_desel
                0x000000000800031c       0x10 Application/User/main.o
                0x000000000800031c                cs_desel
 .text.spi_rb   0x000000000800032c       0x20 Application/User/main.o
                0x000000000800032c                spi_rb
 .text.spi_wb   0x000000000800034c       0x20 Application/User/main.o
                0x000000000800034c                spi_wb
 .text.set_color
                0x000000000800036c      0x158 Application/User/main.o
                0x000000000800036c                set_color
 .text.checkSwitch
                0x00000000080004c4       0xb0 Application/User/main.o
                0x00000000080004c4                checkSwitch
 .text.SystemClock_Config
                0x0000000008000574       0xa4 Application/User/main.o
                0x0000000008000574                SystemClock_Config
 .text.startup.main
                0x0000000008000618      0x35c Application/User/main.o
                0x0000000008000618                main
 .text.Error_Handler
                0x0000000008000974        0x2 Application/User/main.o
                0x0000000008000974                Error_Handler
 *fill*         0x0000000008000976        0x2 
 .text.MX_SPI2_Init
                0x0000000008000978       0x40 Application/User/spi.o
                0x0000000008000978                MX_SPI2_Init
 .text.HAL_SPI_MspInit
                0x00000000080009b8       0x64 Application/User/spi.o
                0x00000000080009b8                HAL_SPI_MspInit
 .text.HAL_MspInit
                0x0000000008000a1c       0x60 Application/User/stm32f4xx_hal_msp.o
                0x0000000008000a1c                HAL_MspInit
 .text.SysTick_Handler
                0x0000000008000a7c        0xe Application/User/stm32f4xx_it.o
                0x0000000008000a7c                SysTick_Handler
 *fill*         0x0000000008000a8a        0x2 
 .text.HAL_TIM_PWM_MspInit
                0x0000000008000a8c       0xbc Application/User/tim.o
                0x0000000008000a8c                HAL_TIM_PWM_MspInit
 .text.HAL_TIM_MspPostInit
                0x0000000008000b48       0xd4 Application/User/tim.o
                0x0000000008000b48                HAL_TIM_MspPostInit
 .text.MX_TIM1_Init
                0x0000000008000c1c       0xbc Application/User/tim.o
                0x0000000008000c1c                MX_TIM1_Init
 .text.MX_TIM2_Init
                0x0000000008000cd8       0x6c Application/User/tim.o
                0x0000000008000cd8                MX_TIM2_Init
 .text.MX_TIM3_Init
                0x0000000008000d44       0x90 Application/User/tim.o
                0x0000000008000d44                MX_TIM3_Init
 .text.MX_TIM4_Init
                0x0000000008000dd4       0x90 Application/User/tim.o
                0x0000000008000dd4                MX_TIM4_Init
 .text.MX_TIM5_Init
                0x0000000008000e64       0x6c Application/User/tim.o
                0x0000000008000e64                MX_TIM5_Init
 .text.SystemInit
                0x0000000008000ed0       0x4c Drivers/CMSIS/system_stm32f4xx.o
                0x0000000008000ed0                SystemInit
 .text.HAL_InitTick
                0x0000000008000f1c       0x28 Drivers/STM32F4xx_HAL_Driver/stm32f4xx_hal.o
                0x0000000008000f1c                HAL_InitTick
 .text.HAL_Init
                0x0000000008000f44       0x34 Drivers/STM32F4xx_HAL_Driver/stm32f4xx_hal.o
                0x0000000008000f44                HAL_Init
 .text.HAL_IncTick
                0x0000000008000f78       0x10 Drivers/STM32F4xx_HAL_Driver/stm32f4xx_hal.o
                0x0000000008000f78                HAL_IncTick
 .text.HAL_GetTick
                0x0000000008000f88        0xc Drivers/STM32F4xx_HAL_Driver/stm32f4xx_hal.o
                0x0000000008000f88                HAL_GetTick
 .text.HAL_Delay
                0x0000000008000f94       0x1a Drivers/STM32F4xx_HAL_Driver/stm32f4xx_hal.o
                0x0000000008000f94                HAL_Delay
 *fill*         0x0000000008000fae        0x2 
 .text.HAL_NVIC_SetPriorityGrouping
                0x0000000008000fb0       0x24 Drivers/STM32F4xx_HAL_Driver/stm32f4xx_hal_cortex.o
                0x0000000008000fb0                HAL_NVIC_SetPriorityGrouping
 .text.HAL_NVIC_SetPriority
                0x0000000008000fd4       0x68 Drivers/STM32F4xx_HAL_Driver/stm32f4xx_hal_cortex.o
                0x0000000008000fd4                HAL_NVIC_SetPriority
 .text.HAL_SYSTICK_Config
                0x000000000800103c       0x2c Drivers/STM32F4xx_HAL_Driver/stm32f4xx_hal_cortex.o
                0x000000000800103c                HAL_SYSTICK_Config
 .text.HAL_SYSTICK_CLKSourceConfig
                0x0000000008001068       0x18 Drivers/STM32F4xx_HAL_Driver/stm32f4xx_hal_cortex.o
                0x0000000008001068                HAL_SYSTICK_CLKSourceConfig
 .text.HAL_SYSTICK_Callback
                0x0000000008001080        0x2 Drivers/STM32F4xx_HAL_Driver/stm32f4xx_hal_cortex.o
                0x0000000008001080                HAL_SYSTICK_Callback
 .text.HAL_SYSTICK_IRQHandler
                0x0000000008001082        0x8 Drivers/STM32F4xx_HAL_Driver/stm32f4xx_hal_cortex.o
                0x0000000008001082                HAL_SYSTICK_IRQHandler
 *fill*         0x000000000800108a        0x2 
 .text.HAL_GPIO_Init
                0x000000000800108c      0x19c Drivers/STM32F4xx_HAL_Driver/stm32f4xx_hal_gpio.o
                0x000000000800108c                HAL_GPIO_Init
 .text.HAL_GPIO_WritePin
                0x0000000008001228        0x8 Drivers/STM32F4xx_HAL_Driver/stm32f4xx_hal_gpio.o
                0x0000000008001228                HAL_GPIO_WritePin
 .text.HAL_RCC_OscConfig
                0x0000000008001230      0x2d0 Drivers/STM32F4xx_HAL_Driver/stm32f4xx_hal_rcc.o
                0x0000000008001230                HAL_RCC_OscConfig
 .text.HAL_RCC_GetSysClockFreq
                0x0000000008001500       0x7c Drivers/STM32F4xx_HAL_Driver/stm32f4xx_hal_rcc.o
                0x0000000008001500                HAL_RCC_GetSysClockFreq
 .text.HAL_RCC_ClockConfig
                0x000000000800157c      0x168 Drivers/STM32F4xx_HAL_Driver/stm32f4xx_hal_rcc.o
                0x000000000800157c                HAL_RCC_ClockConfig
 .text.HAL_RCC_GetHCLKFreq
                0x00000000080016e4        0xc Drivers/STM32F4xx_HAL_Driver/stm32f4xx_hal_rcc.o
                0x00000000080016e4                HAL_RCC_GetHCLKFreq
 .text.SPI_WaitFlagStateUntilTimeout
                0x00000000080016f0       0x8e Drivers/STM32F4xx_HAL_Driver/stm32f4xx_hal_spi.o
 .text.SPI_CheckFlag_BSY
                0x000000000800177e       0x20 Drivers/STM32F4xx_HAL_Driver/stm32f4xx_hal_spi.o
 .text.HAL_SPI_Init
                0x000000000800179e       0x7a Drivers/STM32F4xx_HAL_Driver/stm32f4xx_hal_spi.o
                0x000000000800179e                HAL_SPI_Init
 .text.HAL_SPI_Transmit
                0x0000000008001818      0x15a Drivers/STM32F4xx_HAL_Driver/stm32f4xx_hal_spi.o
                0x0000000008001818                HAL_SPI_Transmit
 .text.HAL_SPI_TransmitReceive
                0x0000000008001972      0x214 Drivers/STM32F4xx_HAL_Driver/stm32f4xx_hal_spi.o
                0x0000000008001972                HAL_SPI_TransmitReceive
 .text.HAL_SPI_Receive
                0x0000000008001b86      0x140 Drivers/STM32F4xx_HAL_Driver/stm32f4xx_hal_spi.o
                0x0000000008001b86                HAL_SPI_Receive
 *fill*         0x0000000008001cc6        0x2 
 .text.TIM_OC1_SetConfig
                0x0000000008001cc8       0x50 Drivers/STM32F4xx_HAL_Driver/stm32f4xx_hal_tim.o
 .text.TIM_OC3_SetConfig
                0x0000000008001d18       0x58 Drivers/STM32F4xx_HAL_Driver/stm32f4xx_hal_tim.o
 .text.TIM_OC4_SetConfig
                0x0000000008001d70       0x44 Drivers/STM32F4xx_HAL_Driver/stm32f4xx_hal_tim.o
 .text.TIM_Base_SetConfig
                0x0000000008001db4       0x98 Drivers/STM32F4xx_HAL_Driver/stm32f4xx_hal_tim.o
                0x0000000008001db4                TIM_Base_SetConfig
 .text.HAL_TIM_PWM_Init
                0x0000000008001e4c       0x34 Drivers/STM32F4xx_HAL_Driver/stm32f4xx_hal_tim.o
                0x0000000008001e4c                HAL_TIM_PWM_Init
 .text.TIM_OC2_SetConfig
                0x0000000008001e80       0x58 Drivers/STM32F4xx_HAL_Driver/stm32f4xx_hal_tim.o
                0x0000000008001e80                TIM_OC2_SetConfig
 .text.HAL_TIM_PWM_ConfigChannel
                0x0000000008001ed8       0xc6 Drivers/STM32F4xx_HAL_Driver/stm32f4xx_hal_tim.o
                0x0000000008001ed8                HAL_TIM_PWM_ConfigChannel
 .text.TIM_CCxChannelCmd
                0x0000000008001f9e       0x1a Drivers/STM32F4xx_HAL_Driver/stm32f4xx_hal_tim.o
                0x0000000008001f9e                TIM_CCxChannelCmd
 .text.HAL_TIM_PWM_Start
                0x0000000008001fb8       0x2c Drivers/STM32F4xx_HAL_Driver/stm32f4xx_hal_tim.o
                0x0000000008001fb8                HAL_TIM_PWM_Start
 .text.HAL_TIMEx_MasterConfigSynchronization
                0x0000000008001fe4       0x44 Drivers/STM32F4xx_HAL_Driver/stm32f4xx_hal_tim_ex.o
                0x0000000008001fe4                HAL_TIMEx_MasterConfigSynchronization
 .text.HAL_TIMEx_ConfigBreakDeadTime
                0x0000000008002028       0x40 Drivers/STM32F4xx_HAL_Driver/stm32f4xx_hal_tim_ex.o
                0x0000000008002028                HAL_TIMEx_ConfigBreakDeadTime
 .text.WIZCHIP_WRITE
                0x0000000008002068       0x3c Drivers/ioLibrary_Driver/Ethernet/W5100/w5100.o
                0x0000000008002068                WIZCHIP_WRITE
 .text.WIZCHIP_READ
                0x00000000080020a4       0x38 Drivers/ioLibrary_Driver/Ethernet/W5100/w5100.o
                0x00000000080020a4                WIZCHIP_READ
 .text.WIZCHIP_WRITE_BUF
                0x00000000080020dc       0x58 Drivers/ioLibrary_Driver/Ethernet/W5100/w5100.o
                0x00000000080020dc                WIZCHIP_WRITE_BUF
 .text.WIZCHIP_READ_BUF
                0x0000000008002134       0x58 Drivers/ioLibrary_Driver/Ethernet/W5100/w5100.o
                0x0000000008002134                WIZCHIP_READ_BUF
 .text.getSn_TX_FSR
                0x000000000800218c       0x40 Drivers/ioLibrary_Driver/Ethernet/W5100/w5100.o
                0x000000000800218c                getSn_TX_FSR
 .text.getSn_RX_RSR
                0x00000000080021cc       0x40 Drivers/ioLibrary_Driver/Ethernet/W5100/w5100.o
                0x00000000080021cc                getSn_RX_RSR
 .text.getSn_RxBASE
                0x000000000800220c       0x48 Drivers/ioLibrary_Driver/Ethernet/W5100/w5100.o
                0x000000000800220c                getSn_RxBASE
 .text.getSn_TxBASE
                0x0000000008002254       0x48 Drivers/ioLibrary_Driver/Ethernet/W5100/w5100.o
                0x0000000008002254                getSn_TxBASE
 .text.wiz_send_data
                0x000000000800229c       0xe0 Drivers/ioLibrary_Driver/Ethernet/W5100/w5100.o
                0x000000000800229c                wiz_send_data
 .text.wiz_recv_data
                0x000000000800237c       0xe0 Drivers/ioLibrary_Driver/Ethernet/W5100/w5100.o
                0x000000000800237c                wiz_recv_data
 .text.close    0x000000000800245c       0x64 Drivers/ioLibrary_Driver/Ethernet/socket.o
                0x000000000800245c                close
 .text.socket   0x00000000080024c0      0x100 Drivers/ioLibrary_Driver/Ethernet/socket.o
                0x00000000080024c0                socket
 .text.listen   0x00000000080025c0       0x66 Drivers/ioLibrary_Driver/Ethernet/socket.o
                0x00000000080025c0                listen
 *fill*         0x0000000008002626        0x2 
 .text.send     0x0000000008002628      0x128 Drivers/ioLibrary_Driver/Ethernet/socket.o
                0x0000000008002628                send
 .text.recv     0x0000000008002750      0x108 Drivers/ioLibrary_Driver/Ethernet/socket.o
                0x0000000008002750                recv
 .text.getsockopt
                0x0000000008002858       0xe4 Drivers/ioLibrary_Driver/Ethernet/socket.o
                0x0000000008002858                getsockopt
 .text.wizchip_cs_deselect
                0x000000000800293c        0x2 Drivers/ioLibrary_Driver/Ethernet/wizchip_conf.o
                0x000000000800293c                wizchip_cs_deselect
 .text.wizchip_bus_readdata
                0x000000000800293e        0x4 Drivers/ioLibrary_Driver/Ethernet/wizchip_conf.o
                0x000000000800293e                wizchip_bus_readdata
 .text.wizchip_bus_writedata
                0x0000000008002942        0x4 Drivers/ioLibrary_Driver/Ethernet/wizchip_conf.o
                0x0000000008002942                wizchip_bus_writedata
 .text.wizchip_spi_readbyte
                0x0000000008002946        0x4 Drivers/ioLibrary_Driver/Ethernet/wizchip_conf.o
                0x0000000008002946                wizchip_spi_readbyte
 .text.wizchip_spi_writebyte
                0x000000000800294a        0x2 Drivers/ioLibrary_Driver/Ethernet/wizchip_conf.o
                0x000000000800294a                wizchip_spi_writebyte
 .text.wizchip_cris_enter
                0x000000000800294c        0x2 Drivers/ioLibrary_Driver/Ethernet/wizchip_conf.o
                0x000000000800294c                wizchip_cris_enter
 .text.wizchip_cris_exit
                0x000000000800294e        0x2 Drivers/ioLibrary_Driver/Ethernet/wizchip_conf.o
                0x000000000800294e                wizchip_cris_exit
 .text.wizchip_cs_select
                0x0000000008002950        0x2 Drivers/ioLibrary_Driver/Ethernet/wizchip_conf.o
                0x0000000008002950                wizchip_cs_select
 *fill*         0x0000000008002952        0x2 
 .text.reg_wizchip_cs_cbfunc
                0x0000000008002954       0x24 Drivers/ioLibrary_Driver/Ethernet/wizchip_conf.o
                0x0000000008002954                reg_wizchip_cs_cbfunc
 .text.reg_wizchip_spi_cbfunc
                0x0000000008002978       0x30 Drivers/ioLibrary_Driver/Ethernet/wizchip_conf.o
                0x0000000008002978                reg_wizchip_spi_cbfunc
 .text.wizchip_sw_reset
                0x00000000080029a8       0x6a Drivers/ioLibrary_Driver/Ethernet/wizchip_conf.o
                0x00000000080029a8                wizchip_sw_reset
 .text.wizchip_init
                0x0000000008002a12       0xa0 Drivers/ioLibrary_Driver/Ethernet/wizchip_conf.o
                0x0000000008002a12                wizchip_init
 *fill*         0x0000000008002ab2        0x2 
 .text.wizchip_setnetinfo
                0x0000000008002ab4       0x4c Drivers/ioLibrary_Driver/Ethernet/wizchip_conf.o
                0x0000000008002ab4                wizchip_setnetinfo
 .text.wizchip_getnetinfo
                0x0000000008002b00       0x4c Drivers/ioLibrary_Driver/Ethernet/wizchip_conf.o
                0x0000000008002b00                wizchip_getnetinfo
 .text.__libc_init_array
                0x0000000008002b4c       0x4c /Applications/Ac6/SystemWorkbench.app/Contents/Eclipse/plugins/fr.ac6.mcu.externaltools.arm-none.macos64_1.13.0.201701261202/tools/compiler/bin/../lib/gcc/arm-none-eabi/5.4.1/../../../../arm-none-eabi/lib/armv7e-m/fpu/libc_nano.a(lib_a-init.o)
                0x0000000008002b4c                __libc_init_array
 .text.memcpy   0x0000000008002b98       0x16 /Applications/Ac6/SystemWorkbench.app/Contents/Eclipse/plugins/fr.ac6.mcu.externaltools.arm-none.macos64_1.13.0.201701261202/tools/compiler/bin/../lib/gcc/arm-none-eabi/5.4.1/../../../../arm-none-eabi/lib/armv7e-m/fpu/libc_nano.a(lib_a-memcpy-stub.o)
                0x0000000008002b98                memcpy
 .text.memset   0x0000000008002bae       0x10 /Applications/Ac6/SystemWorkbench.app/Contents/Eclipse/plugins/fr.ac6.mcu.externaltools.arm-none.macos64_1.13.0.201701261202/tools/compiler/bin/../lib/gcc/arm-none-eabi/5.4.1/../../../../arm-none-eabi/lib/armv7e-m/fpu/libc_nano.a(lib_a-memset.o)
                0x0000000008002bae                memset
 *(.glue_7)
 .glue_7        0x0000000008002bbe        0x0 linker stubs
 *(.glue_7t)
 .glue_7t       0x0000000008002bbe        0x0 linker stubs
 *(.eh_frame)
 *fill*         0x0000000008002bbe        0x2 
 .eh_frame      0x0000000008002bc0        0x0 /Applications/Ac6/SystemWorkbench.app/Contents/Eclipse/plugins/fr.ac6.mcu.externaltools.arm-none.macos64_1.13.0.201701261202/tools/compiler/bin/../lib/gcc/arm-none-eabi/5.4.1/armv7e-m/fpu/crtbegin.o
 *(.init)
 .init          0x0000000008002bc0        0x4 /Applications/Ac6/SystemWorkbench.app/Contents/Eclipse/plugins/fr.ac6.mcu.externaltools.arm-none.macos64_1.13.0.201701261202/tools/compiler/bin/../lib/gcc/arm-none-eabi/5.4.1/armv7e-m/fpu/crti.o
                0x0000000008002bc0                _init
 .init          0x0000000008002bc4        0x8 /Applications/Ac6/SystemWorkbench.app/Contents/Eclipse/plugins/fr.ac6.mcu.externaltools.arm-none.macos64_1.13.0.201701261202/tools/compiler/bin/../lib/gcc/arm-none-eabi/5.4.1/armv7e-m/fpu/crtn.o
 *(.fini)
 .fini          0x0000000008002bcc        0x4 /Applications/Ac6/SystemWorkbench.app/Contents/Eclipse/plugins/fr.ac6.mcu.externaltools.arm-none.macos64_1.13.0.201701261202/tools/compiler/bin/../lib/gcc/arm-none-eabi/5.4.1/armv7e-m/fpu/crti.o
                0x0000000008002bcc                _fini
 .fini          0x0000000008002bd0        0x8 /Applications/Ac6/SystemWorkbench.app/Contents/Eclipse/plugins/fr.ac6.mcu.externaltools.arm-none.macos64_1.13.0.201701261202/tools/compiler/bin/../lib/gcc/arm-none-eabi/5.4.1/armv7e-m/fpu/crtn.o
                0x0000000008002bd8                . = ALIGN (0x4)
                0x0000000008002bd8                _etext = .

.vfp11_veneer   0x0000000008002bd8        0x0
 .vfp11_veneer  0x0000000008002bd8        0x0 linker stubs

.v4_bx          0x0000000008002bd8        0x0
 .v4_bx         0x0000000008002bd8        0x0 linker stubs

.iplt           0x0000000008002bd8        0x0
 .iplt          0x0000000008002bd8        0x0 /Applications/Ac6/SystemWorkbench.app/Contents/Eclipse/plugins/fr.ac6.mcu.externaltools.arm-none.macos64_1.13.0.201701261202/tools/compiler/bin/../lib/gcc/arm-none-eabi/5.4.1/armv7e-m/fpu/crtbegin.o

.rodata         0x0000000008002bd8      0x414
                0x0000000008002bd8                . = ALIGN (0x4)
 *(.rodata)
 .rodata        0x0000000008002bd8      0x404 Application/User/main.o
 .rodata        0x0000000008002fdc       0x10 Drivers/STM32F4xx_HAL_Driver/stm32f4xx_hal_rcc.o
                0x0000000008002fdc                APBAHBPrescTable
 *(.rodata*)
                0x0000000008002fec                . = ALIGN (0x4)

.rel.dyn        0x0000000008002fec        0x0
 .rel.iplt      0x0000000008002fec        0x0 /Applications/Ac6/SystemWorkbench.app/Contents/Eclipse/plugins/fr.ac6.mcu.externaltools.arm-none.macos64_1.13.0.201701261202/tools/compiler/bin/../lib/gcc/arm-none-eabi/5.4.1/armv7e-m/fpu/crtbegin.o

.ARM.extab
 *(.ARM.extab* .gnu.linkonce.armextab.*)

.ARM            0x0000000008002fec        0x0
                0x0000000008002fec                __exidx_start = .
 *(.ARM.exidx*)
                0x0000000008002fec                __exidx_end = .

.preinit_array  0x0000000008002fec        0x0
                0x0000000008002fec                PROVIDE (__preinit_array_start, .)
 *(.preinit_array*)
                0x0000000008002fec                PROVIDE (__preinit_array_end, .)

.init_array     0x0000000008002fec        0x4
                0x0000000008002fec                PROVIDE (__init_array_start, .)
 *(SORT(.init_array.*))
 *(.init_array*)
 .init_array    0x0000000008002fec        0x4 /Applications/Ac6/SystemWorkbench.app/Contents/Eclipse/plugins/fr.ac6.mcu.externaltools.arm-none.macos64_1.13.0.201701261202/tools/compiler/bin/../lib/gcc/arm-none-eabi/5.4.1/armv7e-m/fpu/crtbegin.o
                0x0000000008002ff0                PROVIDE (__init_array_end, .)

.fini_array     0x0000000008002ff0        0x4
                [!provide]                        PROVIDE (__fini_array_start, .)
 *(SORT(.fini_array.*))
 *(.fini_array*)
 .fini_array    0x0000000008002ff0        0x4 /Applications/Ac6/SystemWorkbench.app/Contents/Eclipse/plugins/fr.ac6.mcu.externaltools.arm-none.macos64_1.13.0.201701261202/tools/compiler/bin/../lib/gcc/arm-none-eabi/5.4.1/armv7e-m/fpu/crtbegin.o
                [!provide]                        PROVIDE (__fini_array_end, .)
                0x0000000008002ff4                _sidata = LOADADDR (.data)

.data           0x0000000020000000       0x30 load address 0x0000000008002ff4
                0x0000000020000000                . = ALIGN (0x4)
                0x0000000020000000                _sdata = .
 *(.data)
 .data          0x0000000020000000        0x4 Drivers/CMSIS/system_stm32f4xx.o
                0x0000000020000000                SystemCoreClock
 .data          0x0000000020000004        0x2 Drivers/ioLibrary_Driver/Ethernet/socket.o
 *fill*         0x0000000020000006        0x2 
 .data          0x0000000020000008       0x28 Drivers/ioLibrary_Driver/Ethernet/wizchip_conf.o
                0x0000000020000008                WIZCHIP
 *(.data*)
                0x0000000020000030                . = ALIGN (0x4)
                0x0000000020000030                _edata = .

.jcr            0x0000000020000030        0x0 load address 0x0000000008003024
 .jcr           0x0000000020000030        0x0 /Applications/Ac6/SystemWorkbench.app/Contents/Eclipse/plugins/fr.ac6.mcu.externaltools.arm-none.macos64_1.13.0.201701261202/tools/compiler/bin/../lib/gcc/arm-none-eabi/5.4.1/armv7e-m/fpu/crtbegin.o

.igot.plt       0x0000000020000030        0x0 load address 0x0000000008003024
 .igot.plt      0x0000000020000030        0x0 /Applications/Ac6/SystemWorkbench.app/Contents/Eclipse/plugins/fr.ac6.mcu.externaltools.arm-none.macos64_1.13.0.201701261202/tools/compiler/bin/../lib/gcc/arm-none-eabi/5.4.1/armv7e-m/fpu/crtbegin.o
                0x0000000020000030                . = ALIGN (0x4)

.bss            0x0000000020000030      0x210 load address 0x0000000008003024
                0x0000000020000030                _sbss = .
                0x0000000020000030                __bss_start__ = _sbss
 *(.bss)
 .bss           0x0000000020000030       0x1c /Applications/Ac6/SystemWorkbench.app/Contents/Eclipse/plugins/fr.ac6.mcu.externaltools.arm-none.macos64_1.13.0.201701261202/tools/compiler/bin/../lib/gcc/arm-none-eabi/5.4.1/armv7e-m/fpu/crtbegin.o
 .bss           0x000000002000004c       0x10 Drivers/ioLibrary_Driver/Ethernet/socket.o
                0x0000000020000058                sock_pack_info
 .bss           0x000000002000005c        0x5 Drivers/ioLibrary_Driver/Ethernet/wizchip_conf.o
 *(.bss*)
 *(COMMON)
 *fill*         0x0000000020000061        0x3 
 COMMON         0x0000000020000064       0x54 Application/User/main.o
                0x0000000020000064                msg
                0x00000000200000a0                tSwitch
                0x00000000200000a8                tColor
 COMMON         0x00000000200000b8       0x58 Application/User/spi.o
                0x00000000200000b8                hspi2
 COMMON         0x0000000020000110      0x12c Application/User/tim.o
                0x0000000020000110                htim4
                0x000000002000014c                htim5
                0x0000000020000188                htim3
                0x00000000200001c4                htim1
                0x0000000020000200                htim2
 COMMON         0x000000002000023c        0x4 Drivers/STM32F4xx_HAL_Driver/stm32f4xx_hal.o
                0x000000002000023c                uwTick
                0x0000000020000240                . = ALIGN (0x4)
                0x0000000020000240                _ebss = .
                0x0000000020000240                __bss_end__ = _ebss

._user_heap_stack
                0x0000000020000240      0x600 load address 0x0000000008003024
                0x0000000020000240                . = ALIGN (0x8)
                0x0000000020000240                PROVIDE (end, .)
                [!provide]                        PROVIDE (_end, .)
                0x0000000020000440                . = (. + _Min_Heap_Size)
 *fill*         0x0000000020000240      0x200 
                0x0000000020000840                . = (. + _Min_Stack_Size)
 *fill*         0x0000000020000440      0x400 
                0x0000000020000840                . = ALIGN (0x8)

/DISCARD/
 libc.a(*)
 libm.a(*)
 libgcc.a(*)

.ARM.attributes
                0x0000000000000000       0x30
 *(.ARM.attributes)
 .ARM.attributes
                0x0000000000000000       0x22 /Applications/Ac6/SystemWorkbench.app/Contents/Eclipse/plugins/fr.ac6.mcu.externaltools.arm-none.macos64_1.13.0.201701261202/tools/compiler/bin/../lib/gcc/arm-none-eabi/5.4.1/armv7e-m/fpu/crti.o
 .ARM.attributes
                0x0000000000000022       0x34 /Applications/Ac6/SystemWorkbench.app/Contents/Eclipse/plugins/fr.ac6.mcu.externaltools.arm-none.macos64_1.13.0.201701261202/tools/compiler/bin/../lib/gcc/arm-none-eabi/5.4.1/armv7e-m/fpu/crtbegin.o
 .ARM.attributes
                0x0000000000000056       0x21 Application/SW4STM32/startup_stm32f401xe.o
 .ARM.attributes
                0x0000000000000077       0x39 Application/User/gpio.o
 .ARM.attributes
                0x00000000000000b0       0x39 Application/User/main.o
 .ARM.attributes
                0x00000000000000e9       0x39 Application/User/spi.o
 .ARM.attributes
                0x0000000000000122       0x39 Application/User/stm32f4xx_hal_msp.o
 .ARM.attributes
                0x000000000000015b       0x39 Application/User/stm32f4xx_it.o
 .ARM.attributes
                0x0000000000000194       0x39 Application/User/tim.o
 .ARM.attributes
                0x00000000000001cd       0x39 Drivers/CMSIS/system_stm32f4xx.o
 .ARM.attributes
                0x0000000000000206       0x39 Drivers/STM32F4xx_HAL_Driver/stm32f4xx_hal.o
 .ARM.attributes
                0x000000000000023f       0x39 Drivers/STM32F4xx_HAL_Driver/stm32f4xx_hal_cortex.o
 .ARM.attributes
                0x0000000000000278       0x39 Drivers/STM32F4xx_HAL_Driver/stm32f4xx_hal_gpio.o
 .ARM.attributes
                0x00000000000002b1       0x39 Drivers/STM32F4xx_HAL_Driver/stm32f4xx_hal_rcc.o
 .ARM.attributes
                0x00000000000002ea       0x39 Drivers/STM32F4xx_HAL_Driver/stm32f4xx_hal_spi.o
 .ARM.attributes
                0x0000000000000323       0x39 Drivers/STM32F4xx_HAL_Driver/stm32f4xx_hal_tim.o
 .ARM.attributes
                0x000000000000035c       0x39 Drivers/STM32F4xx_HAL_Driver/stm32f4xx_hal_tim_ex.o
 .ARM.attributes
                0x0000000000000395       0x39 Drivers/ioLibrary_Driver/Ethernet/W5100/w5100.o
 .ARM.attributes
                0x00000000000003ce       0x39 Drivers/ioLibrary_Driver/Ethernet/socket.o
 .ARM.attributes
                0x0000000000000407       0x39 Drivers/ioLibrary_Driver/Ethernet/wizchip_conf.o
 .ARM.attributes
                0x0000000000000440       0x34 /Applications/Ac6/SystemWorkbench.app/Contents/Eclipse/plugins/fr.ac6.mcu.externaltools.arm-none.macos64_1.13.0.201701261202/tools/compiler/bin/../lib/gcc/arm-none-eabi/5.4.1/../../../../arm-none-eabi/lib/armv7e-m/fpu/libc_nano.a(lib_a-init.o)
 .ARM.attributes
                0x0000000000000474       0x34 /Applications/Ac6/SystemWorkbench.app/Contents/Eclipse/plugins/fr.ac6.mcu.externaltools.arm-none.macos64_1.13.0.201701261202/tools/compiler/bin/../lib/gcc/arm-none-eabi/5.4.1/../../../../arm-none-eabi/lib/armv7e-m/fpu/libc_nano.a(lib_a-memcpy-stub.o)
 .ARM.attributes
                0x00000000000004a8       0x34 /Applications/Ac6/SystemWorkbench.app/Contents/Eclipse/plugins/fr.ac6.mcu.externaltools.arm-none.macos64_1.13.0.201701261202/tools/compiler/bin/../lib/gcc/arm-none-eabi/5.4.1/../../../../arm-none-eabi/lib/armv7e-m/fpu/libc_nano.a(lib_a-memset.o)
 .ARM.attributes
                0x00000000000004dc       0x22 /Applications/Ac6/SystemWorkbench.app/Contents/Eclipse/plugins/fr.ac6.mcu.externaltools.arm-none.macos64_1.13.0.201701261202/tools/compiler/bin/../lib/gcc/arm-none-eabi/5.4.1/armv7e-m/fpu/crtn.o
OUTPUT(EtherLED.elf elf32-littlearm)

.debug_line     0x0000000000000000     0xb32b
 .debug_line    0x0000000000000000       0xdb Application/SW4STM32/startup_stm32f401xe.o
 .debug_line    0x00000000000000db      0x89e Application/User/gpio.o
 .debug_line    0x0000000000000979      0xbcc Application/User/main.o
 .debug_line    0x0000000000001545      0x8d2 Application/User/spi.o
 .debug_line    0x0000000000001e17      0x87f Application/User/stm32f4xx_hal_msp.o
 .debug_line    0x0000000000002696      0x885 Application/User/stm32f4xx_it.o
 .debug_line    0x0000000000002f1b      0x9e7 Application/User/tim.o
 .debug_line    0x0000000000003902      0x8d7 Drivers/CMSIS/system_stm32f4xx.o
 .debug_line    0x00000000000041d9      0xa07 Drivers/STM32F4xx_HAL_Driver/stm32f4xx_hal.o
 .debug_line    0x0000000000004be0      0xa7b Drivers/STM32F4xx_HAL_Driver/stm32f4xx_hal_cortex.o
 .debug_line    0x000000000000565b      0xa30 Drivers/STM32F4xx_HAL_Driver/stm32f4xx_hal_gpio.o
 .debug_line    0x000000000000608b      0xb88 Drivers/STM32F4xx_HAL_Driver/stm32f4xx_hal_rcc.o
 .debug_line    0x0000000000006c13     0x1041 Drivers/STM32F4xx_HAL_Driver/stm32f4xx_hal_spi.o
 .debug_line    0x0000000000007c54     0x1630 Drivers/STM32F4xx_HAL_Driver/stm32f4xx_hal_tim.o
 .debug_line    0x0000000000009284      0xc73 Drivers/STM32F4xx_HAL_Driver/stm32f4xx_hal_tim_ex.o
 .debug_line    0x0000000000009ef7      0x60b Drivers/ioLibrary_Driver/Ethernet/W5100/w5100.o
 .debug_line    0x000000000000a502      0x760 Drivers/ioLibrary_Driver/Ethernet/socket.o
 .debug_line    0x000000000000ac62      0x6c9 Drivers/ioLibrary_Driver/Ethernet/wizchip_conf.o

.debug_info     0x0000000000000000     0xecfe
 .debug_info    0x0000000000000000       0xe9 Application/SW4STM32/startup_stm32f401xe.o
 .debug_info    0x00000000000000e9      0x4f7 Application/User/gpio.o
 .debug_info    0x00000000000005e0     0x1a29 Application/User/main.o
 .debug_info    0x0000000000002009      0x9bc Application/User/spi.o
 .debug_info    0x00000000000029c5      0x35e Application/User/stm32f4xx_hal_msp.o
 .debug_info    0x0000000000002d23       0xeb Application/User/stm32f4xx_it.o
 .debug_info    0x0000000000002e0e     0x1119 Application/User/tim.o
 .debug_info    0x0000000000003f27      0x504 Drivers/CMSIS/system_stm32f4xx.o
 .debug_info    0x000000000000442b      0x86e Drivers/STM32F4xx_HAL_Driver/stm32f4xx_hal.o
 .debug_info    0x0000000000004c99      0xde9 Drivers/STM32F4xx_HAL_Driver/stm32f4xx_hal_cortex.o
 .debug_info    0x0000000000005a82      0x75b Drivers/STM32F4xx_HAL_Driver/stm32f4xx_hal_gpio.o
 .debug_info    0x00000000000061dd      0xcc1 Drivers/STM32F4xx_HAL_Driver/stm32f4xx_hal_rcc.o
 .debug_info    0x0000000000006e9e     0x1834 Drivers/STM32F4xx_HAL_Driver/stm32f4xx_hal_spi.o
 .debug_info    0x00000000000086d2     0x2ea2 Drivers/STM32F4xx_HAL_Driver/stm32f4xx_hal_tim.o
 .debug_info    0x000000000000b574      0xf67 Drivers/STM32F4xx_HAL_Driver/stm32f4xx_hal_tim_ex.o
 .debug_info    0x000000000000c4db      0x98c Drivers/ioLibrary_Driver/Ethernet/W5100/w5100.o
 .debug_info    0x000000000000ce67     0x1085 Drivers/ioLibrary_Driver/Ethernet/socket.o
 .debug_info    0x000000000000deec      0xe12 Drivers/ioLibrary_Driver/Ethernet/wizchip_conf.o

.debug_abbrev   0x0000000000000000     0x25cb
 .debug_abbrev  0x0000000000000000       0x12 Application/SW4STM32/startup_stm32f401xe.o
 .debug_abbrev  0x0000000000000012      0x151 Application/User/gpio.o
 .debug_abbrev  0x0000000000000163      0x366 Application/User/main.o
 .debug_abbrev  0x00000000000004c9      0x1c2 Application/User/spi.o
 .debug_abbrev  0x000000000000068b       0xc5 Application/User/stm32f4xx_hal_msp.o
 .debug_abbrev  0x0000000000000750       0xa7 Application/User/stm32f4xx_it.o
 .debug_abbrev  0x00000000000007f7      0x203 Application/User/tim.o
 .debug_abbrev  0x00000000000009fa      0x104 Drivers/CMSIS/system_stm32f4xx.o
 .debug_abbrev  0x0000000000000afe      0x272 Drivers/STM32F4xx_HAL_Driver/stm32f4xx_hal.o
 .debug_abbrev  0x0000000000000d70      0x332 Drivers/STM32F4xx_HAL_Driver/stm32f4xx_hal_cortex.o
 .debug_abbrev  0x00000000000010a2      0x1cb Drivers/STM32F4xx_HAL_Driver/stm32f4xx_hal_gpio.o
 .debug_abbrev  0x000000000000126d      0x321 Drivers/STM32F4xx_HAL_Driver/stm32f4xx_hal_rcc.o
 .debug_abbrev  0x000000000000158e      0x33a Drivers/STM32F4xx_HAL_Driver/stm32f4xx_hal_spi.o
 .debug_abbrev  0x00000000000018c8      0x323 Drivers/STM32F4xx_HAL_Driver/stm32f4xx_hal_tim.o
 .debug_abbrev  0x0000000000001beb      0x282 Drivers/STM32F4xx_HAL_Driver/stm32f4xx_hal_tim_ex.o
 .debug_abbrev  0x0000000000001e6d      0x252 Drivers/ioLibrary_Driver/Ethernet/W5100/w5100.o
 .debug_abbrev  0x00000000000020bf      0x1a5 Drivers/ioLibrary_Driver/Ethernet/socket.o
 .debug_abbrev  0x0000000000002264      0x367 Drivers/ioLibrary_Driver/Ethernet/wizchip_conf.o

.debug_aranges  0x0000000000000000      0xa20
 .debug_aranges
                0x0000000000000000       0x28 Application/SW4STM32/startup_stm32f401xe.o
 .debug_aranges
                0x0000000000000028       0x20 Application/User/gpio.o
 .debug_aranges
                0x0000000000000048       0x60 Application/User/main.o
 .debug_aranges
                0x00000000000000a8       0x30 Application/User/spi.o
 .debug_aranges
                0x00000000000000d8       0x20 Application/User/stm32f4xx_hal_msp.o
 .debug_aranges
                0x00000000000000f8       0x20 Application/User/stm32f4xx_it.o
 .debug_aranges
                0x0000000000000118       0x58 Application/User/tim.o
 .debug_aranges
                0x0000000000000170       0x28 Drivers/CMSIS/system_stm32f4xx.o
 .debug_aranges
                0x0000000000000198       0xb8 Drivers/STM32F4xx_HAL_Driver/stm32f4xx_hal.o
 .debug_aranges
                0x0000000000000250       0x98 Drivers/STM32F4xx_HAL_Driver/stm32f4xx_hal_cortex.o
 .debug_aranges
                0x00000000000002e8       0x58 Drivers/STM32F4xx_HAL_Driver/stm32f4xx_hal_gpio.o
 .debug_aranges
                0x0000000000000340       0x80 Drivers/STM32F4xx_HAL_Driver/stm32f4xx_hal_rcc.o
 .debug_aranges
                0x00000000000003c0      0x150 Drivers/STM32F4xx_HAL_Driver/stm32f4xx_hal_spi.o
 .debug_aranges
                0x0000000000000510      0x250 Drivers/STM32F4xx_HAL_Driver/stm32f4xx_hal_tim.o
 .debug_aranges
                0x0000000000000760       0xf0 Drivers/STM32F4xx_HAL_Driver/stm32f4xx_hal_tim_ex.o
 .debug_aranges
                0x0000000000000850       0x70 Drivers/ioLibrary_Driver/Ethernet/W5100/w5100.o
 .debug_aranges
                0x00000000000008c0       0x78 Drivers/ioLibrary_Driver/Ethernet/socket.o
 .debug_aranges
                0x0000000000000938       0xe8 Drivers/ioLibrary_Driver/Ethernet/wizchip_conf.o

.debug_ranges   0x0000000000000000      0xd08
 .debug_ranges  0x0000000000000000       0x20 Application/SW4STM32/startup_stm32f401xe.o
 .debug_ranges  0x0000000000000020       0x40 Application/User/gpio.o
 .debug_ranges  0x0000000000000060      0x100 Application/User/main.o
 .debug_ranges  0x0000000000000160       0x40 Application/User/spi.o
 .debug_ranges  0x00000000000001a0       0x10 Application/User/stm32f4xx_hal_msp.o
 .debug_ranges  0x00000000000001b0       0x10 Application/User/stm32f4xx_it.o
 .debug_ranges  0x00000000000001c0       0x48 Application/User/tim.o
 .debug_ranges  0x0000000000000208       0x18 Drivers/CMSIS/system_stm32f4xx.o
 .debug_ranges  0x0000000000000220       0xa8 Drivers/STM32F4xx_HAL_Driver/stm32f4xx_hal.o
 .debug_ranges  0x00000000000002c8      0x148 Drivers/STM32F4xx_HAL_Driver/stm32f4xx_hal_cortex.o
 .debug_ranges  0x0000000000000410       0x70 Drivers/STM32F4xx_HAL_Driver/stm32f4xx_hal_gpio.o
 .debug_ranges  0x0000000000000480      0x150 Drivers/STM32F4xx_HAL_Driver/stm32f4xx_hal_rcc.o
 .debug_ranges  0x00000000000005d0      0x170 Drivers/STM32F4xx_HAL_Driver/stm32f4xx_hal_spi.o
 .debug_ranges  0x0000000000000740      0x330 Drivers/STM32F4xx_HAL_Driver/stm32f4xx_hal_tim.o
 .debug_ranges  0x0000000000000a70       0xe0 Drivers/STM32F4xx_HAL_Driver/stm32f4xx_hal_tim_ex.o
 .debug_ranges  0x0000000000000b50       0x60 Drivers/ioLibrary_Driver/Ethernet/W5100/w5100.o
 .debug_ranges  0x0000000000000bb0       0x80 Drivers/ioLibrary_Driver/Ethernet/socket.o
 .debug_ranges  0x0000000000000c30       0xd8 Drivers/ioLibrary_Driver/Ethernet/wizchip_conf.o

.debug_macro    0x0000000000000000    0x10d38
 .debug_macro   0x0000000000000000      0x318 Application/User/gpio.o
 .debug_macro   0x0000000000000318      0x89e Application/User/gpio.o
 .debug_macro   0x0000000000000bb6       0x52 Application/User/gpio.o
 .debug_macro   0x0000000000000c08      0x1b0 Application/User/gpio.o
 .debug_macro   0x0000000000000db8       0x31 Application/User/gpio.o
 .debug_macro   0x0000000000000de9       0x28 Application/User/gpio.o
 .debug_macro   0x0000000000000e11       0x22 Application/User/gpio.o
 .debug_macro   0x0000000000000e33       0x87 Application/User/gpio.o
 .debug_macro   0x0000000000000eba       0x44 Application/User/gpio.o
 .debug_macro   0x0000000000000efe       0xfd Application/User/gpio.o
 .debug_macro   0x0000000000000ffb       0x5e Application/User/gpio.o
 .debug_macro   0x0000000000001059      0x1df Application/User/gpio.o
 .debug_macro   0x0000000000001238       0x35 Application/User/gpio.o
 .debug_macro   0x000000000000126d       0x50 Application/User/gpio.o
 .debug_macro   0x00000000000012bd      0xe66 Application/User/gpio.o
 .debug_macro   0x0000000000002123     0x5099 Application/User/gpio.o
 .debug_macro   0x00000000000071bc       0x43 Application/User/gpio.o
 .debug_macro   0x00000000000071ff     0x347f Application/User/gpio.o
 .debug_macro   0x000000000000a67e       0x52 Application/User/gpio.o
 .debug_macro   0x000000000000a6d0       0x35 Application/User/gpio.o
 .debug_macro   0x000000000000a705       0x9c Application/User/gpio.o
 .debug_macro   0x000000000000a7a1       0x16 Application/User/gpio.o
 .debug_macro   0x000000000000a7b7       0x97 Application/User/gpio.o
 .debug_macro   0x000000000000a84e      0x30d Application/User/gpio.o
 .debug_macro   0x000000000000ab5b       0xfd Application/User/gpio.o
 .debug_macro   0x000000000000ac58       0x10 Application/User/gpio.o
 .debug_macro   0x000000000000ac68       0x52 Application/User/gpio.o
 .debug_macro   0x000000000000acba       0x1f Application/User/gpio.o
 .debug_macro   0x000000000000acd9       0x43 Application/User/gpio.o
 .debug_macro   0x000000000000ad1c       0x20 Application/User/gpio.o
 .debug_macro   0x000000000000ad3c      0x187 Application/User/gpio.o
 .debug_macro   0x000000000000aec3       0x10 Application/User/gpio.o
 .debug_macro   0x000000000000aed3       0x1c Application/User/gpio.o
 .debug_macro   0x000000000000aeef       0x52 Application/User/gpio.o
 .debug_macro   0x000000000000af41       0x40 Application/User/gpio.o
 .debug_macro   0x000000000000af81       0x10 Application/User/gpio.o
 .debug_macro   0x000000000000af91       0x40 Application/User/gpio.o
 .debug_macro   0x000000000000afd1       0xd7 Application/User/gpio.o
 .debug_macro   0x000000000000b0a8       0x16 Application/User/gpio.o
 .debug_macro   0x000000000000b0be      0x18b Application/User/gpio.o
 .debug_macro   0x000000000000b249       0x50 Application/User/gpio.o
 .debug_macro   0x000000000000b299      0x424 Application/User/gpio.o
 .debug_macro   0x000000000000b6bd      0x9e1 Application/User/gpio.o
 .debug_macro   0x000000000000c09e      0x11e Application/User/gpio.o
 .debug_macro   0x000000000000c1bc       0xf8 Application/User/gpio.o
 .debug_macro   0x000000000000c2b4       0x27 Application/User/gpio.o
 .debug_macro   0x000000000000c2db      0x287 Application/User/gpio.o
 .debug_macro   0x000000000000c562       0x5f Application/User/gpio.o
 .debug_macro   0x000000000000c5c1      0x23a Application/User/gpio.o
 .debug_macro   0x000000000000c7fb      0x13a Application/User/gpio.o
 .debug_macro   0x000000000000c935      0x264 Application/User/gpio.o
 .debug_macro   0x000000000000cb99       0x2e Application/User/gpio.o
 .debug_macro   0x000000000000cbc7      0x11e Application/User/gpio.o
 .debug_macro   0x000000000000cce5       0x85 Application/User/gpio.o
 .debug_macro   0x000000000000cd6a       0x89 Application/User/gpio.o
 .debug_macro   0x000000000000cdf3      0x202 Application/User/gpio.o
 .debug_macro   0x000000000000cff5      0x6d9 Application/User/gpio.o
 .debug_macro   0x000000000000d6ce       0x5b Application/User/gpio.o
 .debug_macro   0x000000000000d729      0x14d Application/User/gpio.o
 .debug_macro   0x000000000000d876      0x11e Application/User/gpio.o
 .debug_macro   0x000000000000d994      0x3cf Application/User/main.o
 .debug_macro   0x000000000000dd63       0x46 Application/User/main.o
 .debug_macro   0x000000000000dda9      0x50e Application/User/main.o
 .debug_macro   0x000000000000e2b7       0x66 Application/User/main.o
 .debug_macro   0x000000000000e31d       0xbf Application/User/main.o
 .debug_macro   0x000000000000e3dc       0x16 Application/User/main.o
 .debug_macro   0x000000000000e3f2       0x35 Application/User/main.o
 .debug_macro   0x000000000000e427      0x322 Application/User/spi.o
 .debug_macro   0x000000000000e749      0x30e Application/User/stm32f4xx_hal_msp.o
 .debug_macro   0x000000000000ea57      0x318 Application/User/stm32f4xx_it.o
 .debug_macro   0x000000000000ed6f      0x318 Application/User/tim.o
 .debug_macro   0x000000000000f087      0x314 Drivers/CMSIS/system_stm32f4xx.o
 .debug_macro   0x000000000000f39b      0x35c Drivers/STM32F4xx_HAL_Driver/stm32f4xx_hal.o
 .debug_macro   0x000000000000f6f7      0x30e Drivers/STM32F4xx_HAL_Driver/stm32f4xx_hal_cortex.o
 .debug_macro   0x000000000000fa05      0x346 Drivers/STM32F4xx_HAL_Driver/stm32f4xx_hal_gpio.o
 .debug_macro   0x000000000000fd4b      0x338 Drivers/STM32F4xx_HAL_Driver/stm32f4xx_hal_rcc.o
 .debug_macro   0x0000000000010083      0x316 Drivers/STM32F4xx_HAL_Driver/stm32f4xx_hal_spi.o
 .debug_macro   0x0000000000010399      0x30f Drivers/STM32F4xx_HAL_Driver/stm32f4xx_hal_tim.o
 .debug_macro   0x00000000000106a8      0x30e Drivers/STM32F4xx_HAL_Driver/stm32f4xx_hal_tim_ex.o
 .debug_macro   0x00000000000109b6       0x84 Drivers/ioLibrary_Driver/Ethernet/W5100/w5100.o
 .debug_macro   0x0000000000010a3a       0xb7 Drivers/ioLibrary_Driver/Ethernet/socket.o
 .debug_macro   0x0000000000010af1       0x40 Drivers/ioLibrary_Driver/Ethernet/socket.o
 .debug_macro   0x0000000000010b31       0x93 Drivers/ioLibrary_Driver/Ethernet/wizchip_conf.o
 .debug_macro   0x0000000000010bc4      0x174 Drivers/ioLibrary_Driver/Ethernet/wizchip_conf.o

.debug_str      0x0000000000000000    0x5bbe4
 .debug_str     0x0000000000000000    0x559aa Application/User/gpio.o
                                      0x55c4a (size before relaxing)
 .debug_str     0x00000000000559aa     0x363a Application/User/main.o
                                      0x592cf (size before relaxing)
 .debug_str     0x0000000000058fe4       0x83 Application/User/spi.o
                                      0x560b6 (size before relaxing)
 .debug_str     0x0000000000059067       0x71 Application/User/stm32f4xx_hal_msp.o
                                      0x55e26 (size before relaxing)
 .debug_str     0x00000000000590d8       0x88 Application/User/stm32f4xx_it.o
                                      0x55a88 (size before relaxing)
 .debug_str     0x0000000000059160      0x23c Application/User/tim.o
                                      0x562ad (size before relaxing)
 .debug_str     0x000000000005939c      0x12b Drivers/CMSIS/system_stm32f4xx.o
                                      0x55c6d (size before relaxing)
 .debug_str     0x00000000000594c7      0x4a7 Drivers/STM32F4xx_HAL_Driver/stm32f4xx_hal.o
                                      0x564cd (size before relaxing)
 .debug_str     0x000000000005996e      0x340 Drivers/STM32F4xx_HAL_Driver/stm32f4xx_hal_cortex.o
                                      0x56326 (size before relaxing)
 .debug_str     0x0000000000059cae      0x269 Drivers/STM32F4xx_HAL_Driver/stm32f4xx_hal_gpio.o
                                      0x55ec4 (size before relaxing)
 .debug_str     0x0000000000059f17      0x24b Drivers/STM32F4xx_HAL_Driver/stm32f4xx_hal_rcc.o
                                      0x56053 (size before relaxing)
 .debug_str     0x000000000005a162      0x402 Drivers/STM32F4xx_HAL_Driver/stm32f4xx_hal_spi.o
                                      0x562f4 (size before relaxing)
 .debug_str     0x000000000005a564      0xa16 Drivers/STM32F4xx_HAL_Driver/stm32f4xx_hal_tim.o
                                      0x569c0 (size before relaxing)
 .debug_str     0x000000000005af7a      0x330 Drivers/STM32F4xx_HAL_Driver/stm32f4xx_hal_tim_ex.o
                                      0x5640f (size before relaxing)
 .debug_str     0x000000000005b2aa      0x194 Drivers/ioLibrary_Driver/Ethernet/W5100/w5100.o
                                       0x5847 (size before relaxing)
 .debug_str     0x000000000005b43e      0x312 Drivers/ioLibrary_Driver/Ethernet/socket.o
                                       0x5df6 (size before relaxing)
 .debug_str     0x000000000005b750      0x494 Drivers/ioLibrary_Driver/Ethernet/wizchip_conf.o
                                       0x5ff3 (size before relaxing)

.comment        0x0000000000000000       0x6e
 .comment       0x0000000000000000       0x6e Application/User/gpio.o
                                         0x6f (size before relaxing)
 .comment       0x000000000000006e       0x6f Application/User/main.o
 .comment       0x000000000000006e       0x6f Application/User/spi.o
 .comment       0x000000000000006e       0x6f Application/User/stm32f4xx_hal_msp.o
 .comment       0x000000000000006e       0x6f Application/User/stm32f4xx_it.o
 .comment       0x000000000000006e       0x6f Application/User/tim.o
 .comment       0x000000000000006e       0x6f Drivers/CMSIS/system_stm32f4xx.o
 .comment       0x000000000000006e       0x6f Drivers/STM32F4xx_HAL_Driver/stm32f4xx_hal.o
 .comment       0x000000000000006e       0x6f Drivers/STM32F4xx_HAL_Driver/stm32f4xx_hal_cortex.o
 .comment       0x000000000000006e       0x6f Drivers/STM32F4xx_HAL_Driver/stm32f4xx_hal_gpio.o
 .comment       0x000000000000006e       0x6f Drivers/STM32F4xx_HAL_Driver/stm32f4xx_hal_rcc.o
 .comment       0x000000000000006e       0x6f Drivers/STM32F4xx_HAL_Driver/stm32f4xx_hal_spi.o
 .comment       0x000000000000006e       0x6f Drivers/STM32F4xx_HAL_Driver/stm32f4xx_hal_tim.o
 .comment       0x000000000000006e       0x6f Drivers/STM32F4xx_HAL_Driver/stm32f4xx_hal_tim_ex.o
 .comment       0x000000000000006e       0x6f Drivers/ioLibrary_Driver/Ethernet/W5100/w5100.o
 .comment       0x000000000000006e       0x6f Drivers/ioLibrary_Driver/Ethernet/socket.o
 .comment       0x000000000000006e       0x6f Drivers/ioLibrary_Driver/Ethernet/wizchip_conf.o

.debug_frame    0x0000000000000000     0x1e64
 .debug_frame   0x0000000000000000       0x34 Application/User/gpio.o
 .debug_frame   0x0000000000000034      0x100 Application/User/main.o
 .debug_frame   0x0000000000000134       0x60 Application/User/spi.o
 .debug_frame   0x0000000000000194       0x2c Application/User/stm32f4xx_hal_msp.o
 .debug_frame   0x00000000000001c0       0x2c Application/User/stm32f4xx_it.o
 .debug_frame   0x00000000000001ec       0xfc Application/User/tim.o
 .debug_frame   0x00000000000002e8       0x30 Drivers/CMSIS/system_stm32f4xx.o
 .debug_frame   0x0000000000000318      0x184 Drivers/STM32F4xx_HAL_Driver/stm32f4xx_hal.o
 .debug_frame   0x000000000000049c      0x130 Drivers/STM32F4xx_HAL_Driver/stm32f4xx_hal_cortex.o
 .debug_frame   0x00000000000005cc       0xd4 Drivers/STM32F4xx_HAL_Driver/stm32f4xx_hal_gpio.o
 .debug_frame   0x00000000000006a0      0x138 Drivers/STM32F4xx_HAL_Driver/stm32f4xx_hal_rcc.o
 .debug_frame   0x00000000000007d8      0x490 Drivers/STM32F4xx_HAL_Driver/stm32f4xx_hal_spi.o
 .debug_frame   0x0000000000000c68      0x854 Drivers/STM32F4xx_HAL_Driver/stm32f4xx_hal_tim.o
 .debug_frame   0x00000000000014bc      0x334 Drivers/STM32F4xx_HAL_Driver/stm32f4xx_hal_tim_ex.o
 .debug_frame   0x00000000000017f0      0x1d0 Drivers/ioLibrary_Driver/Ethernet/W5100/w5100.o
 .debug_frame   0x00000000000019c0      0x1ac Drivers/ioLibrary_Driver/Ethernet/socket.o
 .debug_frame   0x0000000000001b6c      0x284 Drivers/ioLibrary_Driver/Ethernet/wizchip_conf.o
 .debug_frame   0x0000000000001df0       0x2c /Applications/Ac6/SystemWorkbench.app/Contents/Eclipse/plugins/fr.ac6.mcu.externaltools.arm-none.macos64_1.13.0.201701261202/tools/compiler/bin/../lib/gcc/arm-none-eabi/5.4.1/../../../../arm-none-eabi/lib/armv7e-m/fpu/libc_nano.a(lib_a-init.o)
 .debug_frame   0x0000000000001e1c       0x28 /Applications/Ac6/SystemWorkbench.app/Contents/Eclipse/plugins/fr.ac6.mcu.externaltools.arm-none.macos64_1.13.0.201701261202/tools/compiler/bin/../lib/gcc/arm-none-eabi/5.4.1/../../../../arm-none-eabi/lib/armv7e-m/fpu/libc_nano.a(lib_a-memcpy-stub.o)
 .debug_frame   0x0000000000001e44       0x20 /Applications/Ac6/SystemWorkbench.app/Contents/Eclipse/plugins/fr.ac6.mcu.externaltools.arm-none.macos64_1.13.0.201701261202/tools/compiler/bin/../lib/gcc/arm-none-eabi/5.4.1/../../../../arm-none-eabi/lib/armv7e-m/fpu/libc_nano.a(lib_a-memset.o)

.debug_loc      0x0000000000000000     0x8179
 .debug_loc     0x0000000000000000      0x49d Application/User/main.o
 .debug_loc     0x000000000000049d       0x4d Application/User/spi.o
 .debug_loc     0x00000000000004ea       0x6c Application/User/tim.o
 .debug_loc     0x0000000000000556       0xd7 Drivers/CMSIS/system_stm32f4xx.o
 .debug_loc     0x000000000000062d       0x92 Drivers/STM32F4xx_HAL_Driver/stm32f4xx_hal.o
 .debug_loc     0x00000000000006bf      0x4ab Drivers/STM32F4xx_HAL_Driver/stm32f4xx_hal_cortex.o
 .debug_loc     0x0000000000000b6a      0x370 Drivers/STM32F4xx_HAL_Driver/stm32f4xx_hal_gpio.o
 .debug_loc     0x0000000000000eda      0x49b Drivers/STM32F4xx_HAL_Driver/stm32f4xx_hal_rcc.o
 .debug_loc     0x0000000000001375     0x1725 Drivers/STM32F4xx_HAL_Driver/stm32f4xx_hal_spi.o
 .debug_loc     0x0000000000002a9a     0x30f6 Drivers/STM32F4xx_HAL_Driver/stm32f4xx_hal_tim.o
 .debug_loc     0x0000000000005b90      0x7b9 Drivers/STM32F4xx_HAL_Driver/stm32f4xx_hal_tim_ex.o
 .debug_loc     0x0000000000006349      0x669 Drivers/ioLibrary_Driver/Ethernet/W5100/w5100.o
 .debug_loc     0x00000000000069b2      0xfc0 Drivers/ioLibrary_Driver/Ethernet/socket.o
 .debug_loc     0x0000000000007972      0x807 Drivers/ioLibrary_Driver/Ethernet/wizchip_conf.o

.stabstr        0x0000000000000000      0x14d
 .stabstr       0x0000000000000000      0x14d /Applications/Ac6/SystemWorkbench.app/Contents/Eclipse/plugins/fr.ac6.mcu.externaltools.arm-none.macos64_1.13.0.201701261202/tools/compiler/bin/../lib/gcc/arm-none-eabi/5.4.1/../../../../arm-none-eabi/lib/armv7e-m/fpu/libnosys.a(close.o)
